Archive member included to satisfy reference by file (symbol)

C:/ST/STM32CubeIDE_1.19.0/STM32CubeIDE/plugins/com.st.stm32cube.ide.mcu.externaltools.gnu-tools-for-stm32.13.3.rel1.win32_1.0.0.202411081344/tools/bin/../lib/gcc/arm-none-eabi/13.3.1/../../../../arm-none-eabi/lib/thumb/v7e-m+fp/hard\libc_nano.a(libc_a-exit.o)
                              C:/ST/STM32CubeIDE_1.19.0/STM32CubeIDE/plugins/com.st.stm32cube.ide.mcu.externaltools.gnu-tools-for-stm32.13.3.rel1.win32_1.0.0.202411081344/tools/bin/../lib/gcc/arm-none-eabi/13.3.1/../../../../arm-none-eabi/lib/thumb/v7e-m+fp/hard/crt0.o (exit)
C:/ST/STM32CubeIDE_1.19.0/STM32CubeIDE/plugins/com.st.stm32cube.ide.mcu.externaltools.gnu-tools-for-stm32.13.3.rel1.win32_1.0.0.202411081344/tools/bin/../lib/gcc/arm-none-eabi/13.3.1/../../../../arm-none-eabi/lib/thumb/v7e-m+fp/hard\libc_nano.a(libc_a-malloc.o)
                              ./Core/ThreadSafe/newlib_lock_glue.o (malloc)
C:/ST/STM32CubeIDE_1.19.0/STM32CubeIDE/plugins/com.st.stm32cube.ide.mcu.externaltools.gnu-tools-for-stm32.13.3.rel1.win32_1.0.0.202411081344/tools/bin/../lib/gcc/arm-none-eabi/13.3.1/../../../../arm-none-eabi/lib/thumb/v7e-m+fp/hard\libc_nano.a(libc_a-mallocr.o)
                              C:/ST/STM32CubeIDE_1.19.0/STM32CubeIDE/plugins/com.st.stm32cube.ide.mcu.externaltools.gnu-tools-for-stm32.13.3.rel1.win32_1.0.0.202411081344/tools/bin/../lib/gcc/arm-none-eabi/13.3.1/../../../../arm-none-eabi/lib/thumb/v7e-m+fp/hard\libc_nano.a(libc_a-malloc.o) (_malloc_r)
C:/ST/STM32CubeIDE_1.19.0/STM32CubeIDE/plugins/com.st.stm32cube.ide.mcu.externaltools.gnu-tools-for-stm32.13.3.rel1.win32_1.0.0.202411081344/tools/bin/../lib/gcc/arm-none-eabi/13.3.1/../../../../arm-none-eabi/lib/thumb/v7e-m+fp/hard\libc_nano.a(libc_a-mlock.o)
                              C:/ST/STM32CubeIDE_1.19.0/STM32CubeIDE/plugins/com.st.stm32cube.ide.mcu.externaltools.gnu-tools-for-stm32.13.3.rel1.win32_1.0.0.202411081344/tools/bin/../lib/gcc/arm-none-eabi/13.3.1/../../../../arm-none-eabi/lib/thumb/v7e-m+fp/hard\libc_nano.a(libc_a-mallocr.o) (__malloc_lock)
C:/ST/STM32CubeIDE_1.19.0/STM32CubeIDE/plugins/com.st.stm32cube.ide.mcu.externaltools.gnu-tools-for-stm32.13.3.rel1.win32_1.0.0.202411081344/tools/bin/../lib/gcc/arm-none-eabi/13.3.1/../../../../arm-none-eabi/lib/thumb/v7e-m+fp/hard\libc_nano.a(libc_a-findfp.o)
                              C:/ST/STM32CubeIDE_1.19.0/STM32CubeIDE/plugins/com.st.stm32cube.ide.mcu.externaltools.gnu-tools-for-stm32.13.3.rel1.win32_1.0.0.202411081344/tools/bin/../lib/gcc/arm-none-eabi/13.3.1/../../../../arm-none-eabi/lib/thumb/v7e-m+fp/hard\libc_nano.a(libc_a-exit.o) (__stdio_exit_handler)
C:/ST/STM32CubeIDE_1.19.0/STM32CubeIDE/plugins/com.st.stm32cube.ide.mcu.externaltools.gnu-tools-for-stm32.13.3.rel1.win32_1.0.0.202411081344/tools/bin/../lib/gcc/arm-none-eabi/13.3.1/../../../../arm-none-eabi/lib/thumb/v7e-m+fp/hard\libc_nano.a(libc_a-fwalk.o)
                              C:/ST/STM32CubeIDE_1.19.0/STM32CubeIDE/plugins/com.st.stm32cube.ide.mcu.externaltools.gnu-tools-for-stm32.13.3.rel1.win32_1.0.0.202411081344/tools/bin/../lib/gcc/arm-none-eabi/13.3.1/../../../../arm-none-eabi/lib/thumb/v7e-m+fp/hard\libc_nano.a(libc_a-findfp.o) (_fwalk_sglue)
C:/ST/STM32CubeIDE_1.19.0/STM32CubeIDE/plugins/com.st.stm32cube.ide.mcu.externaltools.gnu-tools-for-stm32.13.3.rel1.win32_1.0.0.202411081344/tools/bin/../lib/gcc/arm-none-eabi/13.3.1/../../../../arm-none-eabi/lib/thumb/v7e-m+fp/hard\libc_nano.a(libc_a-stdio.o)
                              C:/ST/STM32CubeIDE_1.19.0/STM32CubeIDE/plugins/com.st.stm32cube.ide.mcu.externaltools.gnu-tools-for-stm32.13.3.rel1.win32_1.0.0.202411081344/tools/bin/../lib/gcc/arm-none-eabi/13.3.1/../../../../arm-none-eabi/lib/thumb/v7e-m+fp/hard\libc_nano.a(libc_a-findfp.o) (__sread)
C:/ST/STM32CubeIDE_1.19.0/STM32CubeIDE/plugins/com.st.stm32cube.ide.mcu.externaltools.gnu-tools-for-stm32.13.3.rel1.win32_1.0.0.202411081344/tools/bin/../lib/gcc/arm-none-eabi/13.3.1/../../../../arm-none-eabi/lib/thumb/v7e-m+fp/hard\libc_nano.a(libc_a-memcmp.o)
                              ./Middleware/SEGGER/FreeRTOSV11/SEGGER_SYSVIEW_FreeRTOS.o (memcmp)
C:/ST/STM32CubeIDE_1.19.0/STM32CubeIDE/plugins/com.st.stm32cube.ide.mcu.externaltools.gnu-tools-for-stm32.13.3.rel1.win32_1.0.0.202411081344/tools/bin/../lib/gcc/arm-none-eabi/13.3.1/../../../../arm-none-eabi/lib/thumb/v7e-m+fp/hard\libc_nano.a(libc_a-memset.o)
                              C:/ST/STM32CubeIDE_1.19.0/STM32CubeIDE/plugins/com.st.stm32cube.ide.mcu.externaltools.gnu-tools-for-stm32.13.3.rel1.win32_1.0.0.202411081344/tools/bin/../lib/gcc/arm-none-eabi/13.3.1/../../../../arm-none-eabi/lib/thumb/v7e-m+fp/hard/crt0.o (memset)
C:/ST/STM32CubeIDE_1.19.0/STM32CubeIDE/plugins/com.st.stm32cube.ide.mcu.externaltools.gnu-tools-for-stm32.13.3.rel1.win32_1.0.0.202411081344/tools/bin/../lib/gcc/arm-none-eabi/13.3.1/../../../../arm-none-eabi/lib/thumb/v7e-m+fp/hard\libc_nano.a(libc_a-closer.o)
[...]
Memory Configuration

Name             Origin             Length             Attributes
CCMRAM           0x10000000         0x00010000         xrw
RAM              0x20000000         0x00020000         xrw
FLASH            0x08000000         0x00100000         xr
*default*        0x00000000         0xffffffff

Linker script and memory map

LOAD C:/ST/STM32CubeIDE_1.19.0/STM32CubeIDE/plugins/com.st.stm32cube.ide.mcu.externaltools.gnu-tools-for-stm32.13.3.rel1.win32_1.0.0.202411081344/tools/bin/../lib/gcc/arm-none-eabi/13.3.1/thumb/v7e-m+fp/hard/crti.o
LOAD C:/ST/STM32CubeIDE_1.19.0/STM32CubeIDE/plugins/com.st.stm32cube.ide.mcu.externaltools.gnu-tools-for-stm32.13.3.rel1.win32_1.0.0.202411081344/tools/bin/../lib/gcc/arm-none-eabi/13.3.1/thumb/v7e-m+fp/hard/crtbegin.o
LOAD C:/ST/STM32CubeIDE_1.19.0/STM32CubeIDE/plugins/com.st.stm32cube.ide.mcu.externaltools.gnu-tools-for-stm32.13.3.rel1.win32_1.0.0.202411081344/tools/bin/../lib/gcc/arm-none-eabi/13.3.1/../../../../arm-none-eabi/lib/thumb/v7e-m+fp/hard/crt0.o
LOAD ./Core/Src/main.o
LOAD ./Core/Src/stm32f4xx_hal_msp.o
LOAD ./Core/Src/stm32f4xx_hal_timebase_tim.o
LOAD ./Core/Src/stm32f4xx_it.o
LOAD ./Core/Src/syscalls.o
LOAD ./Core/Src/system_stm32f4xx.o
LOAD ./Core/Startup/startup_stm32f407vgtx.o
LOAD ./Core/ThreadSafe/newlib_lock_glue.o
LOAD ./Drivers/STM32F4xx_HAL_Driver/Src/stm32f4xx_hal.o
LOAD ./Drivers/STM32F4xx_HAL_Driver/Src/stm32f4xx_hal_adc.o
LOAD ./Drivers/STM32F4xx_HAL_Driver/Src/stm32f4xx_hal_adc_ex.o
LOAD ./Drivers/STM32F4xx_HAL_Driver/Src/stm32f4xx_hal_can.o
LOAD ./Drivers/STM32F4xx_HAL_Driver/Src/stm32f4xx_hal_cortex.o
LOAD ./Drivers/STM32F4xx_HAL_Driver/Src/stm32f4xx_hal_dma.o
LOAD ./Drivers/STM32F4xx_HAL_Driver/Src/stm32f4xx_hal_dma_ex.o
LOAD ./Drivers/STM32F4xx_HAL_Driver/Src/stm32f4xx_hal_exti.o
LOAD ./Drivers/STM32F4xx_HAL_Driver/Src/stm32f4xx_hal_flash.o
LOAD ./Drivers/STM32F4xx_HAL_Driver/Src/stm32f4xx_hal_flash_ex.o
LOAD ./Drivers/STM32F4xx_HAL_Driver/Src/stm32f4xx_hal_flash_ramfunc.o
LOAD ./Drivers/STM32F4xx_HAL_Driver/Src/stm32f4xx_hal_gpio.o
LOAD ./Drivers/STM32F4xx_HAL_Driver/Src/stm32f4xx_hal_pwr.o
LOAD ./Drivers/STM32F4xx_HAL_Driver/Src/stm32f4xx_hal_pwr_ex.o
LOAD ./Drivers/STM32F4xx_HAL_Driver/Src/stm32f4xx_hal_rcc.o
LOAD ./Drivers/STM32F4xx_HAL_Driver/Src/stm32f4xx_hal_rcc_ex.o
LOAD ./Drivers/STM32F4xx_HAL_Driver/Src/stm32f4xx_hal_tim.o
LOAD ./Drivers/STM32F4xx_HAL_Driver/Src/stm32f4xx_hal_tim_ex.o
LOAD ./Drivers/STM32F4xx_HAL_Driver/Src/stm32f4xx_ll_adc.o
LOAD ./Middleware/FreeRTOS/croutine.o
LOAD ./Middleware/FreeRTOS/event_groups.o
LOAD ./Middleware/FreeRTOS/list.o
LOAD ./Middleware/FreeRTOS/queue.o
LOAD ./Middleware/FreeRTOS/stream_buffer.o
LOAD ./Middleware/FreeRTOS/tasks.o
LOAD ./Middleware/FreeRTOS/timers.o
LOAD ./Middleware/FreeRTOS/portable/GCC/ARM_CM4F/port.o
LOAD ./Middleware/FreeRTOS/portable/MemMang/heap_4.o
LOAD ./Middleware/SEGGER/Config/SEGGER_SYSVIEW_Config_FreeRTOS.o
LOAD ./Middleware/SEGGER/FreeRTOSV11/SEGGER_SYSVIEW_FreeRTOS.o
LOAD ./Middleware/SEGGER/SEGGER/SEGGER_RTT.o
LOAD ./Middleware/SEGGER/SEGGER/SEGGER_RTT_ASM_ARMv7M.o
LOAD ./Middleware/SEGGER/SEGGER/SEGGER_RTT_printf.o
LOAD ./Middleware/SEGGER/SEGGER/SEGGER_SYSVIEW.o
LOAD ./Middleware/SEGGER/SEGGER/Syscalls/SEGGER_RTT_Syscalls_GCC.o
START GROUP
LOAD C:/ST/STM32CubeIDE_1.19.0/STM32CubeIDE/plugins/com.st.stm32cube.ide.mcu.externaltools.gnu-tools-for-stm32.13.3.rel1.win32_1.0.0.202411081344/tools/bin/../lib/gcc/arm-none-eabi/13.3.1/../../../../arm-none-eabi/lib/thumb/v7e-m+fp/hard\libc_nano.a
LOAD C:/ST/STM32CubeIDE_1.19.0/STM32CubeIDE/plugins/com.st.stm32cube.ide.mcu.externaltools.gnu-tools-for-stm32.13.3.rel1.win32_1.0.0.202411081344/tools/bin/../lib/gcc/arm-none-eabi/13.3.1/../../../../arm-none-eabi/lib/thumb/v7e-m+fp/hard\libm.a
END GROUP
START GROUP
LOAD C:/ST/STM32CubeIDE_1.19.0/STM32CubeIDE/plugins/com.st.stm32cube.ide.mcu.externaltools.gnu-tools-for-stm32.13.3.rel1.win32_1.0.0.202411081344/tools/bin/../lib/gcc/arm-none-eabi/13.3.1/thumb/v7e-m+fp/hard\libgcc.a
LOAD C:/ST/STM32CubeIDE_1.19.0/STM32CubeIDE/plugins/com.st.stm32cube.ide.mcu.externaltools.gnu-tools-for-stm32.13.3.rel1.win32_1.0.0.202411081344/tools/bin/../lib/gcc/arm-none-eabi/13.3.1/../../../../arm-none-eabi/lib/thumb/v7e-m+fp/hard\libc_nano.a
END GROUP
START GROUP
LOAD C:/ST/STM32CubeIDE_1.19.0/STM32CubeIDE/plugins/com.st.stm32cube.ide.mcu.externaltools.gnu-tools-for-stm32.13.3.rel1.win32_1.0.0.202411081344/tools/bin/../lib/gcc/arm-none-eabi/13.3.1/thumb/v7e-m+fp/hard\libgcc.a
LOAD C:/ST/STM32CubeIDE_1.19.0/STM32CubeIDE/plugins/com.st.stm32cube.ide.mcu.externaltools.gnu-tools-for-stm32.13.3.rel1.win32_1.0.0.202411081344/tools/bin/../lib/gcc/arm-none-eabi/13.3.1/../../../../arm-none-eabi/lib/thumb/v7e-m+fp/hard\libc_nano.a
LOAD C:/ST/STM32CubeIDE_1.19.0/STM32CubeIDE/plugins/com.st.stm32cube.ide.mcu.externaltools.gnu-tools-for-stm32.13.3.rel1.win32_1.0.0.202411081344/tools/bin/../lib/gcc/arm-none-eabi/13.3.1/../../../../arm-none-eabi/lib/thumb/v7e-m+fp/hard\libnosys.a
END GROUP
START GROUP
LOAD C:/ST/STM32CubeIDE_1.19.0/STM32CubeIDE/plugins/com.st.stm32cube.ide.mcu.externaltools.gnu-tools-for-stm32.13.3.rel1.win32_1.0.0.202411081344/tools/bin/../lib/gcc/arm-none-eabi/13.3.1/thumb/v7e-m+fp/hard\libgcc.a
LOAD C:/ST/STM32CubeIDE_1.19.0/STM32CubeIDE/plugins/com.st.stm32cube.ide.mcu.externaltools.gnu-tools-for-stm32.13.3.rel1.win32_1.0.0.202411081344/tools/bin/../lib/gcc/arm-none-eabi/13.3.1/../../../../arm-none-eabi/lib/thumb/v7e-m+fp/hard\libc_nano.a
LOAD C:/ST/STM32CubeIDE_1.19.0/STM32CubeIDE/plugins/com.st.stm32cube.ide.mcu.externaltools.gnu-tools-for-stm32.13.3.rel1.win32_1.0.0.202411081344/tools/bin/../lib/gcc/arm-none-eabi/13.3.1/../../../../arm-none-eabi/lib/thumb/v7e-m+fp/hard\libnosys.a
END GROUP
LOAD C:/ST/STM32CubeIDE_1.19.0/STM32CubeIDE/plugins/com.st.stm32cube.ide.mcu.externaltools.gnu-tools-for-stm32.13.3.rel1.win32_1.0.0.202411081344/tools/bin/../lib/gcc/arm-none-eabi/13.3.1/thumb/v7e-m+fp/hard/crtend.o
LOAD C:/ST/STM32CubeIDE_1.19.0/STM32CubeIDE/plugins/com.st.stm32cube.ide.mcu.externaltools.gnu-tools-for-stm32.13.3.rel1.win32_1.0.0.202411081344/tools/bin/../lib/gcc/arm-none-eabi/13.3.1/thumb/v7e-m+fp/hard/crtn.o
                0x20020000                        _estack = (ORIGIN (RAM) + LENGTH (RAM))
                0x00005000                        _Min_Heap_Size = 0x5000
                0x00000400                        _Min_Stack_Size = 0x400

.isr_vector     0x08000000      0x188
                0x08000000                        . = ALIGN (0x4)
 *(.isr_vector)
 .isr_vector    0x08000000      0x188 ./Core/Startup/startup_stm32f407vgtx.o
                0x08000000                g_pfnVectors
                0x08000188                        . = ALIGN (0x4)

.text           0x08000190     0x8b00
                0x08000190                        . = ALIGN (0x4)
 *(.text)
 .text          0x08000190       0x40 C:/ST/STM32CubeIDE_1.19.0/STM32CubeIDE/plugins/com.st.stm32cube.ide.mcu.externaltools.gnu-tools-for-stm32.13.3.rel1.win32_1.0.0.202411081344/tools/bin/../lib/gcc/arm-none-eabi/13.3.1/thumb/v7e-m+fp/hard/crtbegin.o
 .text          0x080001d0       0x94 ./Middleware/SEGGER/SEGGER/SEGGER_RTT_ASM_ARMv7M.o
                0x080001d0                SEGGER_RTT_ASM_WriteSkipNoLock
 .text          0x08000264       0x30 C:/ST/STM32CubeIDE_1.19.0/STM32CubeIDE/plugins/com.st.stm32cube.ide.mcu.externaltools.gnu-tools-for-stm32.13.3.rel1.win32_1.0.0.202411081344/tools/bin/../lib/gcc/arm-none-eabi/13.3.1/thumb/v7e-m+fp/hard\libgcc.a(_aeabi_uldivmod.o)
                0x08000264                __aeabi_uldivmod
 .text          0x08000294      0x2f8 C:/ST/STM32CubeIDE_1.19.0/STM32CubeIDE/plugins/com.st.stm32cube.ide.mcu.externaltools.gnu-tools-for-stm32.13.3.rel1.win32_1.0.0.202411081344/tools/bin/../lib/gcc/arm-none-eabi/13.3.1/thumb/v7e-m+fp/hard\libgcc.a(_udivmoddi4.o)
                0x08000294                __udivmoddi4
 .text          0x0800058c        0x4 C:/ST/STM32CubeIDE_1.19.0/STM32CubeIDE/plugins/com.st.stm32cube.ide.mcu.externaltools.gnu-tools-for-stm32.13.3.rel1.win32_1.0.0.202411081344/tools/bin/../lib/gcc/arm-none-eabi/13.3.1/thumb/v7e-m+fp/hard\libgcc.a(_dvmd_tls.o)
                0x0800058c                __aeabi_idiv0
                0x0800058c                __aeabi_ldiv0
 *(.text*)
 .text.LED_Green_Toggle
                0x08000590       0x18 ./Core/Src/main.o
                0x08000590                LED_Green_Toggle
 .text.LED_Orange_Toggle
                0x080005a8       0x18 ./Core/Src/main.o
                0x080005a8                LED_Orange_Toggle
 .text.LED_Blue_Toggle
                0x080005c0       0x18 ./Core/Src/main.o
                0x080005c0                LED_Blue_Toggle
 .text.LED_Red_On
                0x080005d8       0x18 ./Core/Src/main.o
                0x080005d8                LED_Red_On
 .text.LED_Red_Off
                0x080005f0       0x18 ./Core/Src/main.o
                0x080005f0                LED_Red_Off
 .text.main     0x08000608       0xd4 ./Core/Src/main.o
                0x08000608                main
 .text.Task_SensorRead
                0x080006dc       0xb4 ./Core/Src/main.o
                0x080006dc                Task_SensorRead
 .text.Task_CANTransmit
                0x08000790      0x170 ./Core/Src/main.o
                0x08000790                Task_CANTransmit
 .text.Task_Monitor
                0x08000900       0x44 ./Core/Src/main.o
                0x08000900                Task_Monitor
 .text.Read_BatteryStatus
                0x08000944      0x1fc ./Core/Src/main.o
                0x08000944                Read_BatteryStatus
 .text.Read_MotorRPM
                0x08000b40       0x54 ./Core/Src/main.o
                0x08000b40                Read_MotorRPM
 .text.Read_VehicleSpeed
                0x08000b94       0x34 ./Core/Src/main.o
                0x08000b94                Read_VehicleSpeed
 .text.Read_DoorStatus
                0x08000bc8       0x18 ./Core/Src/main.o
                0x08000bc8                Read_DoorStatus
 .text.Read_SeatbeltStatus
                0x08000be0       0x18 ./Core/Src/main.o
                0x08000be0                Read_SeatbeltStatus
 .text.Update_MotorSpeed_FromPot
                0x08000bf8       0x54 ./Core/Src/main.o
                0x08000bf8                Update_MotorSpeed_FromPot
 .text.Queue_CANMessage
                0x08000c4c       0x44 ./Core/Src/main.o
                0x08000c4c                Queue_CANMessage
 .text.PrepareAndQueue_MotorSpeed
                0x08000c90       0x32 ./Core/Src/main.o
                0x08000c90                PrepareAndQueue_MotorSpeed
 .text.PrepareAndQueue_VehicleSpeed
                0x08000cc2       0x32 ./Core/Src/main.o
                0x08000cc2                PrepareAndQueue_VehicleSpeed
 .text.PrepareAndQueue_BatteryStatus
                0x08000cf4       0x84 ./Core/Src/main.o
                0x08000cf4                PrepareAndQueue_BatteryStatus
 .text.PrepareAndQueue_DoorStatus
                0x08000d78       0x30 ./Core/Src/main.o
                0x08000d78                PrepareAndQueue_DoorStatus
 .text.SystemClock_Config
                0x08000da8       0xc0 ./Core/Src/main.o
                0x08000da8                SystemClock_Config
 .text.MX_ADC1_Init
                0x08000e68       0xc4 ./Core/Src/main.o
 .text.MX_CAN2_Init
                0x08000f2c       0xa0 ./Core/Src/main.o
 .text.MX_TIM1_Init
                0x08000fcc       0x7c ./Core/Src/main.o
 .text.MX_TIM3_Init
                0x08001048       0x94 ./Core/Src/main.o
 .text.MX_DMA_Init
                0x080010dc       0x40 ./Core/Src/main.o
 .text.MX_GPIO_Init
                0x0800111c       0xf8 ./Core/Src/main.o
 .text.HAL_TIM_IC_CaptureCallback
                0x08001214       0xd8 ./Core/Src/main.o
                0x08001214                HAL_TIM_IC_CaptureCallback
 .text.HAL_TIM_PeriodElapsedCallback
                0x080012ec       0x1e ./Core/Src/main.o
                0x080012ec                HAL_TIM_PeriodElapsedCallback
 .text.Error_Handler
                0x0800130a        0xc ./Core/Src/main.o
                0x0800130a                Error_Handler
 *fill*         0x08001316        0x2 
 .text.HAL_MspInit
                0x08001318       0x50 ./Core/Src/stm32f4xx_hal_msp.o
                0x08001318                HAL_MspInit
 .text.HAL_ADC_MspInit
                0x08001368       0xf0 ./Core/Src/stm32f4xx_hal_msp.o
                0x08001368                HAL_ADC_MspInit
 .text.HAL_CAN_MspInit
                0x08001458       0xdc ./Core/Src/stm32f4xx_hal_msp.o
                0x08001458                HAL_CAN_MspInit
 .text.HAL_TIM_Base_MspInit
                0x08001534       0xcc ./Core/Src/stm32f4xx_hal_msp.o
                0x08001534                HAL_TIM_Base_MspInit
 .text.HAL_InitTick
                0x08001600       0xf8 ./Core/Src/stm32f4xx_hal_timebase_tim.o
                0x08001600                HAL_InitTick
 .text.NMI_Handler
                0x080016f8        0x8 ./Core/Src/stm32f4xx_it.o
                0x080016f8                NMI_Handler
 .text.HardFault_Handler
                0x08001700        0x8 ./Core/Src/stm32f4xx_it.o
                0x08001700                HardFault_Handler
 .text.MemManage_Handler
                0x08001708        0x8 ./Core/Src/stm32f4xx_it.o
                0x08001708                MemManage_Handler
 .text.BusFault_Handler
                0x08001710        0x8 ./Core/Src/stm32f4xx_it.o
                0x08001710                BusFault_Handler
 .text.UsageFault_Handler
                0x08001718        0x8 ./Core/Src/stm32f4xx_it.o
                0x08001718                UsageFault_Handler
 .text.DebugMon_Handler
                0x08001720        0xe ./Core/Src/stm32f4xx_it.o
                0x08001720                DebugMon_Handler
 *fill*         0x0800172e        0x2 
 .text.TIM2_IRQHandler
                0x08001730       0x14 ./Core/Src/stm32f4xx_it.o
                0x08001730                TIM2_IRQHandler
 .text.TIM3_IRQHandler
                0x08001744       0x14 ./Core/Src/stm32f4xx_it.o
                0x08001744                TIM3_IRQHandler
 .text.DMA2_Stream0_IRQHandler
                0x08001758       0x14 ./Core/Src/stm32f4xx_it.o
                0x08001758                DMA2_Stream0_IRQHandler
 .text.CAN2_TX_IRQHandler
                0x0800176c       0x14 ./Core/Src/stm32f4xx_it.o
                0x0800176c                CAN2_TX_IRQHandler
 .text.CAN2_RX0_IRQHandler
                0x08001780       0x14 ./Core/Src/stm32f4xx_it.o
                0x08001780                CAN2_RX0_IRQHandler
 .text.CAN2_RX1_IRQHandler
                0x08001794       0x14 ./Core/Src/stm32f4xx_it.o
                0x08001794                CAN2_RX1_IRQHandler
 .text.SystemInit
                0x080017a8       0x24 ./Core/Src/system_stm32f4xx.o
                0x080017a8                SystemInit
 .text.Reset_Handler
                0x080017cc       0x50 ./Core/Startup/startup_stm32f407vgtx.o
                0x080017cc                Reset_Handler
 .text.Default_Handler
                0x0800181c        0x2 ./Core/Startup/startup_stm32f407vgtx.o
                0x0800181c                RTC_Alarm_IRQHandler
                0x0800181c                HASH_RNG_IRQHandler
                0x0800181c                EXTI2_IRQHandler
                0x0800181c                TIM8_CC_IRQHandler
                0x0800181c                TIM1_CC_IRQHandler
                0x0800181c                DMA2_Stream5_IRQHandler
                0x0800181c                DMA1_Stream5_IRQHandler
                0x0800181c                PVD_IRQHandler
                0x0800181c                SDIO_IRQHandler
                0x0800181c                TAMP_STAMP_IRQHandler
                0x0800181c                EXTI3_IRQHandler
                0x0800181c                TIM8_TRG_COM_TIM14_IRQHandler
                0x0800181c                TIM1_UP_TIM10_IRQHandler
                0x0800181c                TIM8_UP_TIM13_IRQHandler
                0x0800181c                I2C3_ER_IRQHandler
                0x0800181c                EXTI0_IRQHandler
                0x0800181c                I2C2_EV_IRQHandler
                0x0800181c                DMA1_Stream2_IRQHandler
                0x0800181c                CAN1_RX0_IRQHandler
                0x0800181c                FPU_IRQHandler
                0x0800181c                OTG_HS_WKUP_IRQHandler
                0x0800181c                CAN2_SCE_IRQHandler
                0x0800181c                DMA2_Stream2_IRQHandler
                0x0800181c                SPI1_IRQHandler
                0x0800181c                TIM6_DAC_IRQHandler
                0x0800181c                TIM1_BRK_TIM9_IRQHandler
                0x0800181c                DCMI_IRQHandler
                0x0800181c                DMA2_Stream3_IRQHandler
                0x0800181c                USART6_IRQHandler
                0x0800181c                USART3_IRQHandler
                0x0800181c                CAN1_RX1_IRQHandler
                0x0800181c                UART5_IRQHandler
                0x0800181c                TIM4_IRQHandler
                0x0800181c                I2C1_EV_IRQHandler
                0x0800181c                DMA1_Stream6_IRQHandler
                0x0800181c                DMA1_Stream1_IRQHandler
                0x0800181c                UART4_IRQHandler
                0x0800181c                RCC_IRQHandler
                0x0800181c                TIM8_BRK_TIM12_IRQHandler
                0x0800181c                Default_Handler
                0x0800181c                EXTI15_10_IRQHandler
                0x0800181c                ADC_IRQHandler
                0x0800181c                DMA1_Stream7_IRQHandler
                0x0800181c                TIM7_IRQHandler
                0x0800181c                TIM5_IRQHandler
                0x0800181c                DMA2_Stream7_IRQHandler
                0x0800181c                I2C3_EV_IRQHandler
                0x0800181c                EXTI9_5_IRQHandler
                0x0800181c                RTC_WKUP_IRQHandler
                0x0800181c                ETH_WKUP_IRQHandler
                0x0800181c                SPI2_IRQHandler
                0x0800181c                OTG_HS_EP1_IN_IRQHandler
                0x0800181c                DMA1_Stream0_IRQHandler
                0x0800181c                CAN1_TX_IRQHandler
                0x0800181c                EXTI4_IRQHandler
                0x0800181c                FSMC_IRQHandler
                0x0800181c                ETH_IRQHandler
                0x0800181c                OTG_HS_EP1_OUT_IRQHandler
                0x0800181c                WWDG_IRQHandler
                0x0800181c                OTG_FS_WKUP_IRQHandler
                0x0800181c                TIM1_TRG_COM_TIM11_IRQHandler
                0x0800181c                OTG_HS_IRQHandler
                0x0800181c                EXTI1_IRQHandler
                0x0800181c                USART2_IRQHandler
                0x0800181c                I2C2_ER_IRQHandler
                0x0800181c                DMA2_Stream1_IRQHandler
                0x0800181c                CAN1_SCE_IRQHandler
                0x0800181c                FLASH_IRQHandler
                0x0800181c                DMA2_Stream4_IRQHandler
                0x0800181c                USART1_IRQHandler
                0x0800181c                OTG_FS_IRQHandler
                0x0800181c                SPI3_IRQHandler
                0x0800181c                DMA1_Stream4_IRQHandler
                0x0800181c                I2C1_ER_IRQHandler
                0x0800181c                DMA2_Stream6_IRQHandler
                0x0800181c                DMA1_Stream3_IRQHandler
 *fill*         0x0800181e        0x2 
 .text.HAL_Init
                0x08001820       0x44 ./Drivers/STM32F4xx_HAL_Driver/Src/stm32f4xx_hal.o
                0x08001820                HAL_Init
 .text.HAL_IncTick
                0x08001864       0x28 ./Drivers/STM32F4xx_HAL_Driver/Src/stm32f4xx_hal.o
                0x08001864                HAL_IncTick
 .text.HAL_GetTick
                0x0800188c       0x18 ./Drivers/STM32F4xx_HAL_Driver/Src/stm32f4xx_hal.o
                0x0800188c                HAL_GetTick
 .text.HAL_ADC_Init
                0x080018a4       0x86 ./Drivers/STM32F4xx_HAL_Driver/Src/stm32f4xx_hal_adc.o
                0x080018a4                HAL_ADC_Init
 *fill*         0x0800192a        0x2 
 .text.HAL_ADC_Start_DMA
                0x0800192c      0x220 ./Drivers/STM32F4xx_HAL_Driver/Src/stm32f4xx_hal_adc.o
                0x0800192c                HAL_ADC_Start_DMA
 .text.HAL_ADC_ConvCpltCallback
                0x08001b4c       0x14 ./Drivers/STM32F4xx_HAL_Driver/Src/stm32f4xx_hal_adc.o
                0x08001b4c                HAL_ADC_ConvCpltCallback
 .text.HAL_ADC_ConvHalfCpltCallback
                0x08001b60       0x14 ./Drivers/STM32F4xx_HAL_Driver/Src/stm32f4xx_hal_adc.o
                0x08001b60                HAL_ADC_ConvHalfCpltCallback
 .text.HAL_ADC_ErrorCallback
                0x08001b74       0x14 ./Drivers/STM32F4xx_HAL_Driver/Src/stm32f4xx_hal_adc.o
                0x08001b74                HAL_ADC_ErrorCallback
 .text.HAL_ADC_ConfigChannel
                0x08001b88      0x244 ./Drivers/STM32F4xx_HAL_Driver/Src/stm32f4xx_hal_adc.o
                0x08001b88                HAL_ADC_ConfigChannel
 .text.ADC_Init
                0x08001dcc      0x1f8 ./Drivers/STM32F4xx_HAL_Driver/Src/stm32f4xx_hal_adc.o
 .text.ADC_DMAConvCplt
                0x08001fc4       0xba ./Drivers/STM32F4xx_HAL_Driver/Src/stm32f4xx_hal_adc.o
 .text.ADC_DMAHalfConvCplt
                0x0800207e       0x1c ./Drivers/STM32F4xx_HAL_Driver/Src/stm32f4xx_hal_adc.o
 .text.ADC_DMAError
                0x0800209a       0x2e ./Drivers/STM32F4xx_HAL_Driver/Src/stm32f4xx_hal_adc.o
 .text.HAL_CAN_Init
                0x080020c8      0x1f6 ./Drivers/STM32F4xx_HAL_Driver/Src/stm32f4xx_hal_can.o
                0x080020c8                HAL_CAN_Init
 *fill*         0x080022be        0x2 
 .text.HAL_CAN_ConfigFilter
                0x080022c0      0x1c0 ./Drivers/STM32F4xx_HAL_Driver/Src/stm32f4xx_hal_can.o
                0x080022c0                HAL_CAN_ConfigFilter
 .text.HAL_CAN_Start
                0x08002480       0x88 ./Drivers/STM32F4xx_HAL_Driver/Src/stm32f4xx_hal_can.o
                0x08002480                HAL_CAN_Start
 .text.HAL_CAN_AddTxMessage
                0x08002508      0x1a0 ./Drivers/STM32F4xx_HAL_Driver/Src/stm32f4xx_hal_can.o
                0x08002508                HAL_CAN_AddTxMessage
 .text.HAL_CAN_GetTxMailboxesFreeLevel
                0x080026a8       0x6a ./Drivers/STM32F4xx_HAL_Driver/Src/stm32f4xx_hal_can.o
                0x080026a8                HAL_CAN_GetTxMailboxesFreeLevel
 .text.HAL_CAN_IRQHandler
                0x08002712      0x36e ./Drivers/STM32F4xx_HAL_Driver/Src/stm32f4xx_hal_can.o
                0x08002712                HAL_CAN_IRQHandler
 .text.HAL_CAN_TxMailbox0CompleteCallback
                0x08002a80       0x14 ./Drivers/STM32F4xx_HAL_Driver/Src/stm32f4xx_hal_can.o
                0x08002a80                HAL_CAN_TxMailbox0CompleteCallback
 .text.HAL_CAN_TxMailbox1CompleteCallback
                0x08002a94       0x14 ./Drivers/STM32F4xx_HAL_Driver/Src/stm32f4xx_hal_can.o
                0x08002a94                HAL_CAN_TxMailbox1CompleteCallback
 .text.HAL_CAN_TxMailbox2CompleteCallback
                0x08002aa8       0x14 ./Drivers/STM32F4xx_HAL_Driver/Src/stm32f4xx_hal_can.o
                0x08002aa8                HAL_CAN_TxMailbox2CompleteCallback
 .text.HAL_CAN_TxMailbox0AbortCallback
                0x08002abc       0x14 ./Drivers/STM32F4xx_HAL_Driver/Src/stm32f4xx_hal_can.o
                0x08002abc                HAL_CAN_TxMailbox0AbortCallback
 .text.HAL_CAN_TxMailbox1AbortCallback
                0x08002ad0       0x14 ./Drivers/STM32F4xx_HAL_Driver/Src/stm32f4xx_hal_can.o
                0x08002ad0                HAL_CAN_TxMailbox1AbortCallback
 .text.HAL_CAN_TxMailbox2AbortCallback
                0x08002ae4       0x14 ./Drivers/STM32F4xx_HAL_Driver/Src/stm32f4xx_hal_can.o
                0x08002ae4                HAL_CAN_TxMailbox2AbortCallback
 .text.HAL_CAN_RxFifo0MsgPendingCallback
                0x08002af8       0x14 ./Drivers/STM32F4xx_HAL_Driver/Src/stm32f4xx_hal_can.o
                0x08002af8                HAL_CAN_RxFifo0MsgPendingCallback
 .text.HAL_CAN_RxFifo0FullCallback
                0x08002b0c       0x14 ./Drivers/STM32F4xx_HAL_Driver/Src/stm32f4xx_hal_can.o
                0x08002b0c                HAL_CAN_RxFifo0FullCallback
 .text.HAL_CAN_RxFifo1MsgPendingCallback
                0x08002b20       0x14 ./Drivers/STM32F4xx_HAL_Driver/Src/stm32f4xx_hal_can.o
                0x08002b20                HAL_CAN_RxFifo1MsgPendingCallback
 .text.HAL_CAN_RxFifo1FullCallback
                0x08002b34       0x14 ./Drivers/STM32F4xx_HAL_Driver/Src/stm32f4xx_hal_can.o
                0x08002b34                HAL_CAN_RxFifo1FullCallback
 .text.HAL_CAN_SleepCallback
                0x08002b48       0x14 ./Drivers/STM32F4xx_HAL_Driver/Src/stm32f4xx_hal_can.o
                0x08002b48                HAL_CAN_SleepCallback
 .text.HAL_CAN_WakeUpFromRxMsgCallback
                0x08002b5c       0x14 ./Drivers/STM32F4xx_HAL_Driver/Src/stm32f4xx_hal_can.o
                0x08002b5c                HAL_CAN_WakeUpFromRxMsgCallback
 .text.HAL_CAN_ErrorCallback
                0x08002b70       0x14 ./Drivers/STM32F4xx_HAL_Driver/Src/stm32f4xx_hal_can.o
                0x08002b70                HAL_CAN_ErrorCallback
 .text.HAL_CAN_GetError
                0x08002b84       0x18 ./Drivers/STM32F4xx_HAL_Driver/Src/stm32f4xx_hal_can.o
                0x08002b84                HAL_CAN_GetError
 .text.HAL_CAN_ResetError
                0x08002b9c       0x46 ./Drivers/STM32F4xx_HAL_Driver/Src/stm32f4xx_hal_can.o
                0x08002b9c                HAL_CAN_ResetError
 *fill*         0x08002be2        0x2 
 .text.__NVIC_SetPriorityGrouping
                0x08002be4       0x48 ./Drivers/STM32F4xx_HAL_Driver/Src/stm32f4xx_hal_cortex.o
 .text.__NVIC_GetPriorityGrouping
                0x08002c2c       0x1c ./Drivers/STM32F4xx_HAL_Driver/Src/stm32f4xx_hal_cortex.o
 .text.__NVIC_EnableIRQ
                0x08002c48       0x3c ./Drivers/STM32F4xx_HAL_Driver/Src/stm32f4xx_hal_cortex.o
 .text.__NVIC_SetPriority
                0x08002c84       0x54 ./Drivers/STM32F4xx_HAL_Driver/Src/stm32f4xx_hal_cortex.o
 .text.NVIC_EncodePriority
                0x08002cd8       0x66 ./Drivers/STM32F4xx_HAL_Driver/Src/stm32f4xx_hal_cortex.o
 .text.HAL_NVIC_SetPriorityGrouping
                0x08002d3e       0x16 ./Drivers/STM32F4xx_HAL_Driver/Src/stm32f4xx_hal_cortex.o
                0x08002d3e                HAL_NVIC_SetPriorityGrouping
 .text.HAL_NVIC_SetPriority
                0x08002d54       0x38 ./Drivers/STM32F4xx_HAL_Driver/Src/stm32f4xx_hal_cortex.o
                0x08002d54                HAL_NVIC_SetPriority
 .text.HAL_NVIC_EnableIRQ
                0x08002d8c       0x1c ./Drivers/STM32F4xx_HAL_Driver/Src/stm32f4xx_hal_cortex.o
                0x08002d8c                HAL_NVIC_EnableIRQ
 .text.HAL_DMA_Init
                0x08002da8      0x15c ./Drivers/STM32F4xx_HAL_Driver/Src/stm32f4xx_hal_dma.o
                0x08002da8                HAL_DMA_Init
 .text.HAL_DMA_Start_IT
                0x08002f04       0xb0 ./Drivers/STM32F4xx_HAL_Driver/Src/stm32f4xx_hal_dma.o
                0x08002f04                HAL_DMA_Start_IT
 .text.HAL_DMA_IRQHandler
                0x08002fb4      0x314 ./Drivers/STM32F4xx_HAL_Driver/Src/stm32f4xx_hal_dma.o
                0x08002fb4                HAL_DMA_IRQHandler
 .text.DMA_SetConfig
                0x080032c8       0x5c ./Drivers/STM32F4xx_HAL_Driver/Src/stm32f4xx_hal_dma.o
 .text.DMA_CalcBaseAndBitshift
                0x08003324       0x6c ./Drivers/STM32F4xx_HAL_Driver/Src/stm32f4xx_hal_dma.o
 .text.DMA_CheckFifoParam
                0x08003390       0xf8 ./Drivers/STM32F4xx_HAL_Driver/Src/stm32f4xx_hal_dma.o
 .text.HAL_GPIO_Init
                0x08003488      0x338 ./Drivers/STM32F4xx_HAL_Driver/Src/stm32f4xx_hal_gpio.o
                0x08003488                HAL_GPIO_Init
 .text.HAL_GPIO_ReadPin
                0x080037c0       0x30 ./Drivers/STM32F4xx_HAL_Driver/Src/stm32f4xx_hal_gpio.o
                0x080037c0                HAL_GPIO_ReadPin
 .text.HAL_GPIO_WritePin
                0x080037f0       0x32 ./Drivers/STM32F4xx_HAL_Driver/Src/stm32f4xx_hal_gpio.o
                0x080037f0                HAL_GPIO_WritePin
 .text.HAL_GPIO_TogglePin
                0x08003822       0x34 ./Drivers/STM32F4xx_HAL_Driver/Src/stm32f4xx_hal_gpio.o
                0x08003822                HAL_GPIO_TogglePin
 *fill*         0x08003856        0x2 
 .text.HAL_RCC_OscConfig
                0x08003858      0x4f0 ./Drivers/STM32F4xx_HAL_Driver/Src/stm32f4xx_hal_rcc.o
                0x08003858                HAL_RCC_OscConfig
 .text.HAL_RCC_ClockConfig
                0x08003d48      0x1cc ./Drivers/STM32F4xx_HAL_Driver/Src/stm32f4xx_hal_rcc.o
                0x08003d48                HAL_RCC_ClockConfig
 .text.HAL_RCC_GetSysClockFreq
                0x08003f14      0x18c ./Drivers/STM32F4xx_HAL_Driver/Src/stm32f4xx_hal_rcc.o
                0x08003f14                HAL_RCC_GetSysClockFreq
 .text.HAL_RCC_GetHCLKFreq
                0x080040a0       0x18 ./Drivers/STM32F4xx_HAL_Driver/Src/stm32f4xx_hal_rcc.o
                0x080040a0                HAL_RCC_GetHCLKFreq
 .text.HAL_RCC_GetPCLK1Freq
                0x080040b8       0x28 ./Drivers/STM32F4xx_HAL_Driver/Src/stm32f4xx_hal_rcc.o
                0x080040b8                HAL_RCC_GetPCLK1Freq
 .text.HAL_RCC_GetClockConfig
                0x080040e0       0x64 ./Drivers/STM32F4xx_HAL_Driver/Src/stm32f4xx_hal_rcc.o
                0x080040e0                HAL_RCC_GetClockConfig
 .text.HAL_TIM_Base_Init
                0x08004144       0x9e ./Drivers/STM32F4xx_HAL_Driver/Src/stm32f4xx_hal_tim.o
                0x08004144                HAL_TIM_Base_Init
 *fill*         0x080041e2        0x2 
 .text.HAL_TIM_Base_Start_IT
                0x080041e4       0xe0 ./Drivers/STM32F4xx_HAL_Driver/Src/stm32f4xx_hal_tim.o
                0x080041e4                HAL_TIM_Base_Start_IT
 .text.HAL_TIM_PWM_Start
                0x080042c4      0x190 ./Drivers/STM32F4xx_HAL_Driver/Src/stm32f4xx_hal_tim.o
                0x080042c4                HAL_TIM_PWM_Start
 .text.HAL_TIM_IC_Init
                0x08004454       0x9e ./Drivers/STM32F4xx_HAL_Driver/Src/stm32f4xx_hal_tim.o
                0x08004454                HAL_TIM_IC_Init
 .text.HAL_TIM_IC_MspInit
                0x080044f2       0x14 ./Drivers/STM32F4xx_HAL_Driver/Src/stm32f4xx_hal_tim.o
                0x080044f2                HAL_TIM_IC_MspInit
 *fill*         0x08004506        0x2 
 .text.HAL_TIM_IC_Start_IT
                0x08004508      0x250 ./Drivers/STM32F4xx_HAL_Driver/Src/stm32f4xx_hal_tim.o
                0x08004508                HAL_TIM_IC_Start_IT
 .text.HAL_TIM_IRQHandler
                0x08004758      0x1e0 ./Drivers/STM32F4xx_HAL_Driver/Src/stm32f4xx_hal_tim.o
                0x08004758                HAL_TIM_IRQHandler
 .text.HAL_TIM_IC_ConfigChannel
                0x08004938      0x138 ./Drivers/STM32F4xx_HAL_Driver/Src/stm32f4xx_hal_tim.o
                0x08004938                HAL_TIM_IC_ConfigChannel
 .text.HAL_TIM_ConfigClockSource
                0x08004a70      0x18e ./Drivers/STM32F4xx_HAL_Driver/Src/stm32f4xx_hal_tim.o
                0x08004a70                HAL_TIM_ConfigClockSource
 *fill*         0x08004bfe        0x2 
 .text.HAL_TIM_ReadCapturedValue
                0x08004c00       0x88 ./Drivers/STM32F4xx_HAL_Driver/Src/stm32f4xx_hal_tim.o
                0x08004c00                HAL_TIM_ReadCapturedValue
 .text.HAL_TIM_OC_DelayElapsedCallback
                0x08004c88       0x14 ./Drivers/STM32F4xx_HAL_Driver/Src/stm32f4xx_hal_tim.o
                0x08004c88                HAL_TIM_OC_DelayElapsedCallback
 .text.HAL_TIM_PWM_PulseFinishedCallback
                0x08004c9c       0x14 ./Drivers/STM32F4xx_HAL_Driver/Src/stm32f4xx_hal_tim.o
                0x08004c9c                HAL_TIM_PWM_PulseFinishedCallback
 .text.HAL_TIM_TriggerCallback
                0x08004cb0       0x14 ./Drivers/STM32F4xx_HAL_Driver/Src/stm32f4xx_hal_tim.o
                0x08004cb0                HAL_TIM_TriggerCallback
 .text.TIM_Base_SetConfig
                0x08004cc4      0x158 ./Drivers/STM32F4xx_HAL_Driver/Src/stm32f4xx_hal_tim.o
                0x08004cc4                TIM_Base_SetConfig
 .text.TIM_TI1_SetConfig
                0x08004e1c       0xe8 ./Drivers/STM32F4xx_HAL_Driver/Src/stm32f4xx_hal_tim.o
                0x08004e1c                TIM_TI1_SetConfig
 .text.TIM_TI1_ConfigInputStage
                0x08004f04       0x5e ./Drivers/STM32F4xx_HAL_Driver/Src/stm32f4xx_hal_tim.o
 .text.TIM_TI2_SetConfig
                0x08004f62       0x7a ./Drivers/STM32F4xx_HAL_Driver/Src/stm32f4xx_hal_tim.o
 .text.TIM_TI2_ConfigInputStage
                0x08004fdc       0x60 ./Drivers/STM32F4xx_HAL_Driver/Src/stm32f4xx_hal_tim.o
 .text.TIM_TI3_SetConfig
                0x0800503c       0x78 ./Drivers/STM32F4xx_HAL_Driver/Src/stm32f4xx_hal_tim.o
 .text.TIM_TI4_SetConfig
                0x080050b4       0x7a ./Drivers/STM32F4xx_HAL_Driver/Src/stm32f4xx_hal_tim.o
 .text.TIM_ITRx_SetConfig
                0x0800512e       0x36 ./Drivers/STM32F4xx_HAL_Driver/Src/stm32f4xx_hal_tim.o
 .text.TIM_ETR_SetConfig
                0x08005164       0x40 ./Drivers/STM32F4xx_HAL_Driver/Src/stm32f4xx_hal_tim.o
                0x08005164                TIM_ETR_SetConfig
 .text.TIM_CCxChannelCmd
                0x080051a4       0x4a ./Drivers/STM32F4xx_HAL_Driver/Src/stm32f4xx_hal_tim.o
                0x080051a4                TIM_CCxChannelCmd
 *fill*         0x080051ee        0x2 
 .text.HAL_TIMEx_MasterConfigSynchronization
                0x080051f0       0xf8 ./Drivers/STM32F4xx_HAL_Driver/Src/stm32f4xx_hal_tim_ex.o
                0x080051f0                HAL_TIMEx_MasterConfigSynchronization
 .text.HAL_TIMEx_CommutCallback
                0x080052e8       0x14 ./Drivers/STM32F4xx_HAL_Driver/Src/stm32f4xx_hal_tim_ex.o
                0x080052e8                HAL_TIMEx_CommutCallback
 .text.HAL_TIMEx_BreakCallback
                0x080052fc       0x14 ./Drivers/STM32F4xx_HAL_Driver/Src/stm32f4xx_hal_tim_ex.o
                0x080052fc                HAL_TIMEx_BreakCallback
 .text.vListInitialise
                0x08005310       0x40 ./Middleware/FreeRTOS/list.o
                0x08005310                vListInitialise
 .text.vListInitialiseItem
                0x08005350       0x1a ./Middleware/FreeRTOS/list.o
                0x08005350                vListInitialiseItem
 .text.vListInsert
                0x0800536a       0x72 ./Middleware/FreeRTOS/list.o
                0x0800536a                vListInsert
 .text.uxListRemove
                0x080053dc       0x54 ./Middleware/FreeRTOS/list.o
                0x080053dc                uxListRemove
 .text.xQueueGenericReset
                0x08005430      0x124 ./Middleware/FreeRTOS/queue.o
                0x08005430                xQueueGenericReset
 .text.xQueueGenericCreate
                0x08005554       0x9e ./Middleware/FreeRTOS/queue.o
                0x08005554                xQueueGenericCreate
 .text.prvInitialiseNewQueue
                0x080055f2       0x46 ./Middleware/FreeRTOS/queue.o
 .text.prvInitialiseMutex
                0x08005638       0x34 ./Middleware/FreeRTOS/queue.o
 .text.xQueueCreateMutex
                0x0800566c       0x30 ./Middleware/FreeRTOS/queue.o
                0x0800566c                xQueueCreateMutex
 .text.xQueueGenericSend
                0x0800569c      0x1d4 ./Middleware/FreeRTOS/queue.o
                0x0800569c                xQueueGenericSend
 .text.xQueueReceive
                0x08005870      0x194 ./Middleware/FreeRTOS/queue.o
                0x08005870                xQueueReceive
 .text.xQueueSemaphoreTake
                0x08005a04      0x1d0 ./Middleware/FreeRTOS/queue.o
                0x08005a04                xQueueSemaphoreTake
 .text.prvGetDisinheritPriorityAfterTimeout
                0x08005bd4       0x30 ./Middleware/FreeRTOS/queue.o
 .text.prvCopyDataToQueue
                0x08005c04       0xd4 ./Middleware/FreeRTOS/queue.o
 .text.prvCopyDataFromQueue
                0x08005cd8       0x4c ./Middleware/FreeRTOS/queue.o
 .text.prvUnlockQueue
                0x08005d24       0xa4 ./Middleware/FreeRTOS/queue.o
 .text.prvIsQueueEmpty
                0x08005dc8       0x2c ./Middleware/FreeRTOS/queue.o
 .text.prvIsQueueFull
                0x08005df4       0x30 ./Middleware/FreeRTOS/queue.o
 .text.xTaskCreate
                0x08005e24       0x8c ./Middleware/FreeRTOS/tasks.o
                0x08005e24                xTaskCreate
 .text.prvInitialiseNewTask
                0x08005eb0      0x120 ./Middleware/FreeRTOS/tasks.o
 .text.prvAddNewTaskToReadyList
                0x08005fd0      0x168 ./Middleware/FreeRTOS/tasks.o
 .text.vTaskDelay
                0x08006138       0x6c ./Middleware/FreeRTOS/tasks.o
                0x08006138                vTaskDelay
 .text.vTaskStartScheduler
                0x080061a4       0xb8 ./Middleware/FreeRTOS/tasks.o
                0x080061a4                vTaskStartScheduler
 .text.vTaskSuspendAll
                0x0800625c       0x1c ./Middleware/FreeRTOS/tasks.o
                0x0800625c                vTaskSuspendAll
 .text.xTaskResumeAll
                0x08006278      0x200 ./Middleware/FreeRTOS/tasks.o
                0x08006278                xTaskResumeAll
 .text.xTaskIncrementTick
                0x08006478      0x238 ./Middleware/FreeRTOS/tasks.o
                0x08006478                xTaskIncrementTick
 .text.vTaskSwitchContext
                0x080066b0       0xd4 ./Middleware/FreeRTOS/tasks.o
                0x080066b0                vTaskSwitchContext
 .text.vTaskPlaceOnEventList
                0x08006784       0x4c ./Middleware/FreeRTOS/tasks.o
                0x08006784                vTaskPlaceOnEventList
 .text.xTaskRemoveFromEventList
                0x080067d0      0x1b4 ./Middleware/FreeRTOS/tasks.o
                0x080067d0                xTaskRemoveFromEventList
 .text.vTaskInternalSetTimeOutState
                0x08006984       0x2c ./Middleware/FreeRTOS/tasks.o
                0x08006984                vTaskInternalSetTimeOutState
 .text.xTaskCheckForTimeOut
                0x080069b0       0xd0 ./Middleware/FreeRTOS/tasks.o
                0x080069b0                xTaskCheckForTimeOut
 .text.vTaskMissedYield
                0x08006a80       0x18 ./Middleware/FreeRTOS/tasks.o
                0x08006a80                vTaskMissedYield
 .text.prvIdleTask
                0x08006a98       0x30 ./Middleware/FreeRTOS/tasks.o
 .text.prvInitialiseTaskLists
                0x08006ac8       0x80 ./Middleware/FreeRTOS/tasks.o
 .text.prvCheckTasksWaitingTermination
                0x08006b48       0x5c ./Middleware/FreeRTOS/tasks.o
 .text.prvDeleteTCB
                0x08006ba4       0x20 ./Middleware/FreeRTOS/tasks.o
 .text.prvResetNextTaskUnblockTime
                0x08006bc4       0x38 ./Middleware/FreeRTOS/tasks.o
 .text.xTaskPriorityInherit
                0x08006bfc      0x144 ./Middleware/FreeRTOS/tasks.o
                0x08006bfc                xTaskPriorityInherit
 .text.xTaskPriorityDisinherit
                0x08006d40      0x154 ./Middleware/FreeRTOS/tasks.o
                0x08006d40                xTaskPriorityDisinherit
 .text.vTaskPriorityDisinheritAfterTimeout
                0x08006e94      0x180 ./Middleware/FreeRTOS/tasks.o
                0x08006e94                vTaskPriorityDisinheritAfterTimeout
 .text.pvTaskIncrementMutexHeldCount
                0x08007014       0x28 ./Middleware/FreeRTOS/tasks.o
                0x08007014                pvTaskIncrementMutexHeldCount
 .text.prvAddCurrentTaskToDelayedList
                0x0800703c      0x100 ./Middleware/FreeRTOS/tasks.o
 .text.pxPortInitialiseStack
                0x0800713c       0x68 ./Middleware/FreeRTOS/portable/GCC/ARM_CM4F/port.o
                0x0800713c                pxPortInitialiseStack
 .text.prvTaskExitError
                0x080071a4       0x5c ./Middleware/FreeRTOS/portable/GCC/ARM_CM4F/port.o
 .text.SVC_Handler
                0x08007200       0x28 ./Middleware/FreeRTOS/portable/GCC/ARM_CM4F/port.o
                0x08007200                SVC_Handler
 .text.prvPortStartFirstTask
                0x08007228       0x2c ./Middleware/FreeRTOS/portable/GCC/ARM_CM4F/port.o
 .text.xPortStartScheduler
                0x08007254      0x148 ./Middleware/FreeRTOS/portable/GCC/ARM_CM4F/port.o
                0x08007254                xPortStartScheduler
 .text.vPortEnterCritical
                0x0800739c       0x64 ./Middleware/FreeRTOS/portable/GCC/ARM_CM4F/port.o
                0x0800739c                vPortEnterCritical
 .text.vPortExitCritical
                0x08007400       0x54 ./Middleware/FreeRTOS/portable/GCC/ARM_CM4F/port.o
                0x08007400                vPortExitCritical
 *fill*         0x08007454        0xc 
 .text.PendSV_Handler
                0x08007460       0x68 ./Middleware/FreeRTOS/portable/GCC/ARM_CM4F/port.o
                0x08007460                PendSV_Handler
 .text.SysTick_Handler
                0x080074c8       0x44 ./Middleware/FreeRTOS/portable/GCC/ARM_CM4F/port.o
                0x080074c8                SysTick_Handler
 .text.vPortSetupTimerInterrupt
                0x0800750c       0x48 ./Middleware/FreeRTOS/portable/GCC/ARM_CM4F/port.o
                0x0800750c                vPortSetupTimerInterrupt
 .text.vPortEnableVFP
                0x08007554       0x18 ./Middleware/FreeRTOS/portable/GCC/ARM_CM4F/port.o
 .text.pvPortMalloc
                0x0800756c      0x178 ./Middleware/FreeRTOS/portable/MemMang/heap_4.o
                0x0800756c                pvPortMalloc
 .text.vPortFree
                0x080076e4       0xb4 ./Middleware/FreeRTOS/portable/MemMang/heap_4.o
                0x080076e4                vPortFree
 .text.prvHeapInit
                0x08007798       0xb8 ./Middleware/FreeRTOS/portable/MemMang/heap_4.o
 .text.prvInsertBlockIntoFreeList
                0x08007850       0xb4 ./Middleware/FreeRTOS/portable/MemMang/heap_4.o
 .text.SYSVIEW_AddTask
                0x08007904       0xd0 ./Middleware/SEGGER/FreeRTOSV11/SEGGER_SYSVIEW_FreeRTOS.o
                0x08007904                SYSVIEW_AddTask
 .text.SYSVIEW_SendTaskInfo
                0x080079d4       0x42 ./Middleware/SEGGER/FreeRTOSV11/SEGGER_SYSVIEW_FreeRTOS.o
                0x080079d4                SYSVIEW_SendTaskInfo
 *fill*         0x08007a16        0x2 
 .text._DoInit  0x08007a18       0xb4 ./Middleware/SEGGER/SEGGER/SEGGER_RTT.o
 .text.SEGGER_RTT_ReadNoLock
                0x08007acc      0x10c ./Middleware/SEGGER/SEGGER/SEGGER_RTT.o
                0x08007acc                SEGGER_RTT_ReadNoLock
 .text._EncodeStr
                0x08007bd8       0x60 ./Middleware/SEGGER/SEGGER/SEGGER_SYSVIEW.o
 .text._PreparePacket
                0x08007c38       0x18 ./Middleware/SEGGER/SEGGER/SEGGER_SYSVIEW.o
 .text._HandleIncomingPacket
                0x08007c50       0xdc ./Middleware/SEGGER/SEGGER/SEGGER_SYSVIEW.o
 .text._TrySendOverflowPacket
                0x08007d2c       0xe4 ./Middleware/SEGGER/SEGGER/SEGGER_SYSVIEW.o
 .text._SendPacket
                0x08007e10      0x2dc ./Middleware/SEGGER/SEGGER/SEGGER_SYSVIEW.o
 .text.SEGGER_SYSVIEW_RecordVoid
                0x080080ec       0x3c ./Middleware/SEGGER/SEGGER/SEGGER_SYSVIEW.o
                0x080080ec                SEGGER_SYSVIEW_RecordVoid
 .text.SEGGER_SYSVIEW_RecordU32
                0x08008128       0x78 ./Middleware/SEGGER/SEGGER/SEGGER_SYSVIEW.o
                0x08008128                SEGGER_SYSVIEW_RecordU32
 .text.SEGGER_SYSVIEW_RecordU32x2
                0x080081a0       0xb4 ./Middleware/SEGGER/SEGGER/SEGGER_SYSVIEW.o
                0x080081a0                SEGGER_SYSVIEW_RecordU32x2
 .text.SEGGER_SYSVIEW_Start
                0x08008254      0x174 ./Middleware/SEGGER/SEGGER/SEGGER_SYSVIEW.o
                0x08008254                SEGGER_SYSVIEW_Start
 .text.SEGGER_SYSVIEW_Stop
                0x080083c8       0x4c ./Middleware/SEGGER/SEGGER/SEGGER_SYSVIEW.o
                0x080083c8                SEGGER_SYSVIEW_Stop
 .text.SEGGER_SYSVIEW_GetSysDesc
                0x08008414      0x134 ./Middleware/SEGGER/SEGGER/SEGGER_SYSVIEW.o
                0x08008414                SEGGER_SYSVIEW_GetSysDesc
 .text.SEGGER_SYSVIEW_SendTaskInfo
                0x08008548      0x1c8 ./Middleware/SEGGER/SEGGER/SEGGER_SYSVIEW.o
                0x08008548                SEGGER_SYSVIEW_SendTaskInfo
 .text.SEGGER_SYSVIEW_SendTaskList
                0x08008710       0x28 ./Middleware/SEGGER/SEGGER/SEGGER_SYSVIEW.o
                0x08008710                SEGGER_SYSVIEW_SendTaskList
 .text.SEGGER_SYSVIEW_RecordSystime
                0x08008738       0x64 ./Middleware/SEGGER/SEGGER/SEGGER_SYSVIEW.o
                0x08008738                SEGGER_SYSVIEW_RecordSystime
 .text.SEGGER_SYSVIEW_OnIdle
                0x0800879c       0x38 ./Middleware/SEGGER/SEGGER/SEGGER_SYSVIEW.o
                0x0800879c                SEGGER_SYSVIEW_OnIdle
 .text.SEGGER_SYSVIEW_OnTaskCreate
                0x080087d4       0x84 ./Middleware/SEGGER/SEGGER/SEGGER_SYSVIEW.o
                0x080087d4                SEGGER_SYSVIEW_OnTaskCreate
 .text.SEGGER_SYSVIEW_OnTaskStartExec
                0x08008858       0x84 ./Middleware/SEGGER/SEGGER/SEGGER_SYSVIEW.o
                0x08008858                SEGGER_SYSVIEW_OnTaskStartExec
 .text.SEGGER_SYSVIEW_OnTaskStartReady
                0x080088dc       0x84 ./Middleware/SEGGER/SEGGER/SEGGER_SYSVIEW.o
                0x080088dc                SEGGER_SYSVIEW_OnTaskStartReady
 .text.SEGGER_SYSVIEW_SendModule
                0x08008960      0x114 ./Middleware/SEGGER/SEGGER/SEGGER_SYSVIEW.o
                0x08008960                SEGGER_SYSVIEW_SendModule
 .text.SEGGER_SYSVIEW_SendModuleDescription
                0x08008a74       0x3c ./Middleware/SEGGER/SEGGER/SEGGER_SYSVIEW.o
                0x08008a74                SEGGER_SYSVIEW_SendModuleDescription
 .text.SEGGER_SYSVIEW_SendNumModules
                0x08008ab0       0x7c ./Middleware/SEGGER/SEGGER/SEGGER_SYSVIEW.o
                0x08008ab0                SEGGER_SYSVIEW_SendNumModules
 .text.SEGGER_SYSVIEW_Warn
                0x08008b2c       0xb8 ./Middleware/SEGGER/SEGGER/SEGGER_SYSVIEW.o
                0x08008b2c                SEGGER_SYSVIEW_Warn
 .text.memcmp   0x08008be4       0x20 C:/ST/STM32CubeIDE_1.19.0/STM32CubeIDE/plugins/com.st.stm32cube.ide.mcu.externaltools.gnu-tools-for-stm32.13.3.rel1.win32_1.0.0.202411081344/tools/bin/../lib/gcc/arm-none-eabi/13.3.1/../../../../arm-none-eabi/lib/thumb/v7e-m+fp/hard\libc_nano.a(libc_a-memcmp.o)
                0x08008be4                memcmp
 .text.memset   0x08008c04       0x10 C:/ST/STM32CubeIDE_1.19.0/STM32CubeIDE/plugins/com.st.stm32cube.ide.mcu.externaltools.gnu-tools-for-stm32.13.3.rel1.win32_1.0.0.202411081344/tools/bin/../lib/gcc/arm-none-eabi/13.3.1/../../../../arm-none-eabi/lib/thumb/v7e-m+fp/hard\libc_nano.a(libc_a-memset.o)
                0x08008c04                memset
 .text.__libc_init_array
                0x08008c14       0x48 C:/ST/STM32CubeIDE_1.19.0/STM32CubeIDE/plugins/com.st.stm32cube.ide.mcu.externaltools.gnu-tools-for-stm32.13.3.rel1.win32_1.0.0.202411081344/tools/bin/../lib/gcc/arm-none-eabi/13.3.1/../../../../arm-none-eabi/lib/thumb/v7e-m+fp/hard\libc_nano.a(libc_a-init.o)
                0x08008c14                __libc_init_array
 .text.memcpy   0x08008c5c       0x1c C:/ST/STM32CubeIDE_1.19.0/STM32CubeIDE/plugins/com.st.stm32cube.ide.mcu.externaltools.gnu-tools-for-stm32.13.3.rel1.win32_1.0.0.202411081344/tools/bin/../lib/gcc/arm-none-eabi/13.3.1/../../../../arm-none-eabi/lib/thumb/v7e-m+fp/hard\libc_nano.a(libc_a-memcpy-stub.o)
                0x08008c5c                memcpy
 *(.glue_7)
 .glue_7        0x08008c78        0x0 linker stubs
 *(.glue_7t)
 .glue_7t       0x08008c78        0x0 linker stubs
 *(.eh_frame)
 .eh_frame      0x08008c78        0x0 C:/ST/STM32CubeIDE_1.19.0/STM32CubeIDE/plugins/com.st.stm32cube.ide.mcu.externaltools.gnu-tools-for-stm32.13.3.rel1.win32_1.0.0.202411081344/tools/bin/../lib/gcc/arm-none-eabi/13.3.1/thumb/v7e-m+fp/hard/crtbegin.o
 *(.init)
 .init          0x08008c78        0x4 C:/ST/STM32CubeIDE_1.19.0/STM32CubeIDE/plugins/com.st.stm32cube.ide.mcu.externaltools.gnu-tools-for-stm32.13.3.rel1.win32_1.0.0.202411081344/tools/bin/../lib/gcc/arm-none-eabi/13.3.1/thumb/v7e-m+fp/hard/crti.o
                0x08008c78                _init
 .init          0x08008c7c        0x8 C:/ST/STM32CubeIDE_1.19.0/STM32CubeIDE/plugins/com.st.stm32cube.ide.mcu.externaltools.gnu-tools-for-stm32.13.3.rel1.win32_1.0.0.202411081344/tools/bin/../lib/gcc/arm-none-eabi/13.3.1/thumb/v7e-m+fp/hard/crtn.o
 *(.fini)
 .fini          0x08008c84        0x4 C:/ST/STM32CubeIDE_1.19.0/STM32CubeIDE/plugins/com.st.stm32cube.ide.mcu.externaltools.gnu-tools-for-stm32.13.3.rel1.win32_1.0.0.202411081344/tools/bin/../lib/gcc/arm-none-eabi/13.3.1/thumb/v7e-m+fp/hard/crti.o
                0x08008c84                _fini
 .fini          0x08008c88        0x8 C:/ST/STM32CubeIDE_1.19.0/STM32CubeIDE/plugins/com.st.stm32cube.ide.mcu.externaltools.gnu-tools-for-stm32.13.3.rel1.win32_1.0.0.202411081344/tools/bin/../lib/gcc/arm-none-eabi/13.3.1/thumb/v7e-m+fp/hard/crtn.o
                0x08008c90                        . = ALIGN (0x4)
                0x08008c90                        _etext = .

.vfp11_veneer   0x08008c90        0x0
 .vfp11_veneer  0x08008c90        0x0 linker stubs

.v4_bx          0x08008c90        0x0
 .v4_bx         0x08008c90        0x0 linker stubs

.iplt           0x08008c90        0x0
 .iplt          0x08008c90        0x0 C:/ST/STM32CubeIDE_1.19.0/STM32CubeIDE/plugins/com.st.stm32cube.ide.mcu.externaltools.gnu-tools-for-stm32.13.3.rel1.win32_1.0.0.202411081344/tools/bin/../lib/gcc/arm-none-eabi/13.3.1/thumb/v7e-m+fp/hard/crtbegin.o

.rodata         0x08008c90       0xd0
                0x08008c90                        . = ALIGN (0x4)
 *(.rodata)
 .rodata        0x08008c90       0x20 ./Core/Src/main.o
 .rodata        0x08008cb0        0x5 ./Middleware/FreeRTOS/tasks.o
 *fill*         0x08008cb5        0x3 
 .rodata        0x08008cb8       0x58 ./Middleware/SEGGER/FreeRTOSV11/SEGGER_SYSVIEW_FreeRTOS.o
 .rodata        0x08008d10        0x9 ./Middleware/SEGGER/SEGGER/SEGGER_RTT.o
 *(.rodata*)
 *fill*         0x08008d19        0x3 
 .rodata.AHBPrescTable
                0x08008d1c       0x10 ./Core/Src/system_stm32f4xx.o
                0x08008d1c                AHBPrescTable
 .rodata.APBPrescTable
                0x08008d2c        0x8 ./Core/Src/system_stm32f4xx.o
                0x08008d2c                APBPrescTable
 .rodata.flagBitshiftOffset.0
                0x08008d34        0x8 ./Drivers/STM32F4xx_HAL_Driver/Src/stm32f4xx_hal_dma.o
 .rodata.uxTopUsedPriority
                0x08008d3c        0x4 ./Middleware/FreeRTOS/tasks.o
                0x08008d3c                uxTopUsedPriority
 .rodata._aInitStr.0
                0x08008d40       0x11 ./Middleware/SEGGER/SEGGER/SEGGER_RTT.o
 *fill*         0x08008d51        0x3 
 .rodata._abSync
                0x08008d54        0xa ./Middleware/SEGGER/SEGGER/SEGGER_SYSVIEW.o
                0x08008d60                        . = ALIGN (0x4)
 *fill*         0x08008d5e        0x2 

.ARM.extab      0x08008d60        0x0
                0x08008d60                        . = ALIGN (0x4)
 *(.ARM.extab* .gnu.linkonce.armextab.*)
                0x08008d60                        . = ALIGN (0x4)

.ARM            0x08008d60        0x8
                0x08008d60                        . = ALIGN (0x4)
                0x08008d60                        __exidx_start = .
 *(.ARM.exidx*)
 .ARM.exidx     0x08008d60        0x8 C:/ST/STM32CubeIDE_1.19.0/STM32CubeIDE/plugins/com.st.stm32cube.ide.mcu.externaltools.gnu-tools-for-stm32.13.3.rel1.win32_1.0.0.202411081344/tools/bin/../lib/gcc/arm-none-eabi/13.3.1/thumb/v7e-m+fp/hard\libgcc.a(_udivmoddi4.o)
                0x08008d68                        __exidx_end = .
                0x08008d68                        . = ALIGN (0x4)

.preinit_array  0x08008d68        0x0
                0x08008d68                        . = ALIGN (0x4)
                0x08008d68                        PROVIDE (__preinit_array_start = .)
 *(.preinit_array*)
                0x08008d68                        PROVIDE (__preinit_array_end = .)
                0x08008d68                        . = ALIGN (0x4)

.init_array     0x08008d68        0x4
                0x08008d68                        . = ALIGN (0x4)
                0x08008d68                        PROVIDE (__init_array_start = .)
 *(SORT_BY_NAME(.init_array.*))
 *(.init_array*)
 .init_array    0x08008d68        0x4 C:/ST/STM32CubeIDE_1.19.0/STM32CubeIDE/plugins/com.st.stm32cube.ide.mcu.externaltools.gnu-tools-for-stm32.13.3.rel1.win32_1.0.0.202411081344/tools/bin/../lib/gcc/arm-none-eabi/13.3.1/thumb/v7e-m+fp/hard/crtbegin.o
                0x08008d6c                        PROVIDE (__init_array_end = .)
                0x08008d6c                        . = ALIGN (0x4)

.fini_array     0x08008d6c        0x4
                0x08008d6c                        . = ALIGN (0x4)
                [!provide]                        PROVIDE (__fini_array_start = .)
 *(SORT_BY_NAME(.fini_array.*))
 *(.fini_array*)
 .fini_array    0x08008d6c        0x4 C:/ST/STM32CubeIDE_1.19.0/STM32CubeIDE/plugins/com.st.stm32cube.ide.mcu.externaltools.gnu-tools-for-stm32.13.3.rel1.win32_1.0.0.202411081344/tools/bin/../lib/gcc/arm-none-eabi/13.3.1/thumb/v7e-m+fp/hard/crtbegin.o
                [!provide]                        PROVIDE (__fini_array_end = .)
                0x08008d70                        . = ALIGN (0x4)
                0x08008d70                        _sidata = LOADADDR (.data)

.rel.dyn        0x08008d70        0x0
 .rel.iplt      0x08008d70        0x0 C:/ST/STM32CubeIDE_1.19.0/STM32CubeIDE/plugins/com.st.stm32cube.ide.mcu.externaltools.gnu-tools-for-stm32.13.3.rel1.win32_1.0.0.202411081344/tools/bin/../lib/gcc/arm-none-eabi/13.3.1/thumb/v7e-m+fp/hard/crtbegin.o

.data           0x20000000       0x10 load address 0x08008d70
                0x20000000                        . = ALIGN (0x4)
                0x20000000                        _sdata = .
 *(.data)
 *(.data*)
 .data.SystemCoreClock
                0x20000000        0x4 ./Core/Src/system_stm32f4xx.o
                0x20000000                SystemCoreClock
 .data.uwTickPrio
                0x20000004        0x4 ./Drivers/STM32F4xx_HAL_Driver/Src/stm32f4xx_hal.o
                0x20000004                uwTickPrio
 .data.uwTickFreq
                0x20000008        0x1 ./Drivers/STM32F4xx_HAL_Driver/Src/stm32f4xx_hal.o
                0x20000008                uwTickFreq
 *fill*         0x20000009        0x3 
 .data.uxCriticalNesting
                0x2000000c        0x4 ./Middleware/FreeRTOS/portable/GCC/ARM_CM4F/port.o
 *(.RamFunc)
 *(.RamFunc*)
                0x20000010                        . = ALIGN (0x4)
                0x20000010                        _edata = .
                0x08008d80                        _siccmram = LOADADDR (.ccmram)

.igot.plt       0x20000010        0x0 load address 0x08008d80
 .igot.plt      0x20000010        0x0 C:/ST/STM32CubeIDE_1.19.0/STM32CubeIDE/plugins/com.st.stm32cube.ide.mcu.externaltools.gnu-tools-for-stm32.13.3.rel1.win32_1.0.0.202411081344/tools/bin/../lib/gcc/arm-none-eabi/13.3.1/thumb/v7e-m+fp/hard/crtbegin.o

.ccmram         0x10000000        0x0 load address 0x08008d80
                0x10000000                        . = ALIGN (0x4)
                0x10000000                        _sccmram = .
 *(.ccmram)
 *(.ccmram*)
                0x10000000                        . = ALIGN (0x4)
                0x10000000                        _eccmram = .
                0x10000000                        . = ALIGN (0x4)

.bss            0x20000010    0x135c4
                0x20000010                        _sbss = .
                0x20000010                        __bss_start__ = _sbss
 *(.bss)
 .bss           0x20000010       0x1c C:/ST/STM32CubeIDE_1.19.0/STM32CubeIDE/plugins/com.st.stm32cube.ide.mcu.externaltools.gnu-tools-for-stm32.13.3.rel1.win32_1.0.0.202411081344/tools/bin/../lib/gcc/arm-none-eabi/13.3.1/thumb/v7e-m+fp/hard/crtbegin.o
 *(.bss*)
 .bss.hadc1     0x2000002c       0x48 ./Core/Src/main.o
                0x2000002c                hadc1
 .bss.hdma_adc1
                0x20000074       0x60 ./Core/Src/main.o
                0x20000074                hdma_adc1
 .bss.hcan2     0x200000d4       0x28 ./Core/Src/main.o
                0x200000d4                hcan2
 .bss.htim1     0x200000fc       0x48 ./Core/Src/main.o
                0x200000fc                htim1
 .bss.htim3     0x20000144       0x48 ./Core/Src/main.o
                0x20000144                htim3
 .bss.speed_pulse_count
                0x2000018c        0x4 ./Core/Src/main.o
                0x2000018c                speed_pulse_count
 .bss.last_capture_value
                0x20000190        0x4 ./Core/Src/main.o
                0x20000190                last_capture_value
 .bss.motor_rpm_calculated
                0x20000194        0x4 ./Core/Src/main.o
                0x20000194                motor_rpm_calculated
 .bss.motor_rpm_smoothed
                0x20000198        0x4 ./Core/Src/main.o
                0x20000198                motor_rpm_smoothed
 .bss.battery_voltage_smoothed
                0x2000019c        0x4 ./Core/Src/main.o
                0x2000019c                battery_voltage_smoothed
 .bss.motor_pwm_duty
                0x200001a0        0x2 ./Core/Src/main.o
                0x200001a0                motor_pwm_duty
 *fill*         0x200001a2        0x2 
 .bss.adc_buffer
                0x200001a4       0x10 ./Core/Src/main.o
                0x200001a4                adc_buffer
 .bss.SensorReadTaskHandle
                0x200001b4        0x4 ./Core/Src/main.o
                0x200001b4                SensorReadTaskHandle
 .bss.CANTransmitTaskHandle
                0x200001b8        0x4 ./Core/Src/main.o
                0x200001b8                CANTransmitTaskHandle
 .bss.MonitorTaskHandle
                0x200001bc        0x4 ./Core/Src/main.o
                0x200001bc                MonitorTaskHandle
 .bss.CANMessageQueue
                0x200001c0        0x4 ./Core/Src/main.o
                0x200001c0                CANMessageQueue
 .bss.VehicleDataMutex
                0x200001c4        0x4 ./Core/Src/main.o
                0x200001c4                VehicleDataMutex
 .bss.vehicle_data
                0x200001c8       0x14 ./Core/Src/main.o
                0x200001c8                vehicle_data
 .bss.can_tx_errors
                0x200001dc        0x4 ./Core/Src/main.o
                0x200001dc                can_tx_errors
 .bss.can_tx_count
                0x200001e0        0x4 ./Core/Src/main.o
                0x200001e0                can_tx_count
 .bss.sensor_read_count
                0x200001e4        0x4 ./Core/Src/main.o
                0x200001e4                sensor_read_count
 .bss.last_update.1
                0x200001e8        0x4 ./Core/Src/main.o
 .bss.last_pulse_count.0
                0x200001ec        0x4 ./Core/Src/main.o
 .bss.htim2     0x200001f0       0x48 ./Core/Src/stm32f4xx_hal_timebase_tim.o
                0x200001f0                htim2
 .bss.uwTick    0x20000238        0x4 ./Drivers/STM32F4xx_HAL_Driver/Src/stm32f4xx_hal.o
                0x20000238                uwTick
 .bss.pxCurrentTCB
                0x2000023c        0x4 ./Middleware/FreeRTOS/tasks.o
                0x2000023c                pxCurrentTCB
 .bss.pxReadyTasksLists
                0x20000240       0x64 ./Middleware/FreeRTOS/tasks.o
 .bss.xDelayedTaskList1
                0x200002a4       0x14 ./Middleware/FreeRTOS/tasks.o
 .bss.xDelayedTaskList2
                0x200002b8       0x14 ./Middleware/FreeRTOS/tasks.o
 .bss.pxDelayedTaskList
                0x200002cc        0x4 ./Middleware/FreeRTOS/tasks.o
 .bss.pxOverflowDelayedTaskList
                0x200002d0        0x4 ./Middleware/FreeRTOS/tasks.o
 .bss.xPendingReadyList
                0x200002d4       0x14 ./Middleware/FreeRTOS/tasks.o
 .bss.xTasksWaitingTermination
                0x200002e8       0x14 ./Middleware/FreeRTOS/tasks.o
 .bss.uxDeletedTasksWaitingCleanUp
                0x200002fc        0x4 ./Middleware/FreeRTOS/tasks.o
 .bss.xSuspendedTaskList
                0x20000300       0x14 ./Middleware/FreeRTOS/tasks.o
 .bss.uxCurrentNumberOfTasks
                0x20000314        0x4 ./Middleware/FreeRTOS/tasks.o
 .bss.xTickCount
                0x20000318        0x4 ./Middleware/FreeRTOS/tasks.o
 .bss.uxTopReadyPriority
                0x2000031c        0x4 ./Middleware/FreeRTOS/tasks.o
 .bss.xSchedulerRunning
                0x20000320        0x4 ./Middleware/FreeRTOS/tasks.o
 .bss.xPendedTicks
                0x20000324        0x4 ./Middleware/FreeRTOS/tasks.o
 .bss.xYieldPending
                0x20000328        0x4 ./Middleware/FreeRTOS/tasks.o
 .bss.xNumOfOverflows
                0x2000032c        0x4 ./Middleware/FreeRTOS/tasks.o
 .bss.uxTaskNumber
                0x20000330        0x4 ./Middleware/FreeRTOS/tasks.o
 .bss.xNextTaskUnblockTime
                0x20000334        0x4 ./Middleware/FreeRTOS/tasks.o
 .bss.xIdleTaskHandle
                0x20000338        0x4 ./Middleware/FreeRTOS/tasks.o
 .bss.uxSchedulerSuspended
                0x2000033c        0x4 ./Middleware/FreeRTOS/tasks.o
 .bss.ucMaxSysCallPriority
                0x20000340        0x1 ./Middleware/FreeRTOS/portable/GCC/ARM_CM4F/port.o
 *fill*         0x20000341        0x3 
 .bss.ulMaxPRIGROUPValue
                0x20000344        0x4 ./Middleware/FreeRTOS/portable/GCC/ARM_CM4F/port.o
 .bss.ucHeap    0x20000348    0x12c00 ./Middleware/FreeRTOS/portable/MemMang/heap_4.o
 .bss.xStart    0x20012f48        0x8 ./Middleware/FreeRTOS/portable/MemMang/heap_4.o
 .bss.pxEnd     0x20012f50        0x4 ./Middleware/FreeRTOS/portable/MemMang/heap_4.o
 .bss.xFreeBytesRemaining
                0x20012f54        0x4 ./Middleware/FreeRTOS/portable/MemMang/heap_4.o
 .bss.xMinimumEverFreeBytesRemaining
                0x20012f58        0x4 ./Middleware/FreeRTOS/portable/MemMang/heap_4.o
 .bss.xNumberOfSuccessfulAllocations
                0x20012f5c        0x4 ./Middleware/FreeRTOS/portable/MemMang/heap_4.o
 .bss.xNumberOfSuccessfulFrees
                0x20012f60        0x4 ./Middleware/FreeRTOS/portable/MemMang/heap_4.o
 .bss._aTasks   0x20012f64       0xa0 ./Middleware/SEGGER/FreeRTOSV11/SEGGER_SYSVIEW_FreeRTOS.o
 .bss._NumTasks
                0x20013004        0x4 ./Middleware/SEGGER/FreeRTOSV11/SEGGER_SYSVIEW_FreeRTOS.o
 .bss._SEGGER_RTT
                0x20013008       0xa8 ./Middleware/SEGGER/SEGGER/SEGGER_RTT.o
                0x20013008                _SEGGER_RTT
 .bss._acUpBuffer
                0x200130b0      0x400 ./Middleware/SEGGER/SEGGER/SEGGER_RTT.o
 .bss._acDownBuffer
                0x200134b0       0x10 ./Middleware/SEGGER/SEGGER/SEGGER_RTT.o
 .bss._SYSVIEW_Globals
                0x200134c0       0x28 ./Middleware/SEGGER/SEGGER/SEGGER_SYSVIEW.o
 .bss._pFirstModule
                0x200134e8        0x4 ./Middleware/SEGGER/SEGGER/SEGGER_SYSVIEW.o
 .bss._NumModules
                0x200134ec        0x1 ./Middleware/SEGGER/SEGGER/SEGGER_SYSVIEW.o
 *fill*         0x200134ed        0x3 
 .bss._aPacket  0x200134f0       0xe3 ./Middleware/SEGGER/SEGGER/SEGGER_SYSVIEW.o
 *(COMMON)
                0x200135d4                        . = ALIGN (0x4)
 *fill*         0x200135d3        0x1 
                0x200135d4                        _ebss = .
                0x200135d4                        __bss_end__ = _ebss

._user_heap_stack
                0x200135d4     0x5404
                0x200135d8                        . = ALIGN (0x8)
 *fill*         0x200135d4        0x4 
                0x200135d8                        PROVIDE (end = .)
                [!provide]                        PROVIDE (_end = .)
                0x200185d8                        . = (. + _Min_Heap_Size)
 *fill*         0x200135d8     0x5000 
                0x200189d8                        . = (. + _Min_Stack_Size)
 *fill*         0x200185d8      0x400 
                0x200189d8                        . = ALIGN (0x8)

/DISCARD/
 libc.a(*)
 libm.a(*)
 libgcc.a(*)

.ARM.attributes
                0x00000000       0x30
 *(.ARM.attributes)
 .ARM.attributes
                0x00000000       0x22 C:/ST/STM32CubeIDE_1.19.0/STM32CubeIDE/plugins/com.st.stm32cube.ide.mcu.externaltools.gnu-tools-for-stm32.13.3.rel1.win32_1.0.0.202411081344/tools/bin/../lib/gcc/arm-none-eabi/13.3.1/thumb/v7e-m+fp/hard/crti.o
 .ARM.attributes
                0x00000022       0x34 C:/ST/STM32CubeIDE_1.19.0/STM32CubeIDE/plugins/com.st.stm32cube.ide.mcu.externaltools.gnu-tools-for-stm32.13.3.rel1.win32_1.0.0.202411081344/tools/bin/../lib/gcc/arm-none-eabi/13.3.1/thumb/v7e-m+fp/hard/crtbegin.o
 .ARM.attributes
                0x00000056       0x34 ./Core/Src/main.o
 .ARM.attributes
                0x0000008a       0x34 ./Core/Src/stm32f4xx_hal_msp.o
 .ARM.attributes
                0x000000be       0x34 ./Core/Src/stm32f4xx_hal_timebase_tim.o
 .ARM.attributes
                0x000000f2       0x34 ./Core/Src/stm32f4xx_it.o
 .ARM.attributes
                0x00000126       0x34 ./Core/Src/system_stm32f4xx.o
 .ARM.attributes
                0x0000015a       0x21 ./Core/Startup/startup_stm32f407vgtx.o
 .ARM.attributes
                0x0000017b       0x34 ./Drivers/STM32F4xx_HAL_Driver/Src/stm32f4xx_hal.o
 .ARM.attributes
                0x000001af       0x34 ./Drivers/STM32F4xx_HAL_Driver/Src/stm32f4xx_hal_adc.o
 .ARM.attributes
                0x000001e3       0x34 ./Drivers/STM32F4xx_HAL_Driver/Src/stm32f4xx_hal_can.o
 .ARM.attributes
                0x00000217       0x34 ./Drivers/STM32F4xx_HAL_Driver/Src/stm32f4xx_hal_cortex.o
 .ARM.attributes
                0x0000024b       0x34 ./Drivers/STM32F4xx_HAL_Driver/Src/stm32f4xx_hal_dma.o
 .ARM.attributes
                0x0000027f       0x34 ./Drivers/STM32F4xx_HAL_Driver/Src/stm32f4xx_hal_gpio.o
 .ARM.attributes
                0x000002b3       0x34 ./Drivers/STM32F4xx_HAL_Driver/Src/stm32f4xx_hal_rcc.o
 .ARM.attributes
                0x000002e7       0x34 ./Drivers/STM32F4xx_HAL_Driver/Src/stm32f4xx_hal_tim.o
 .ARM.attributes
                0x0000031b       0x34 ./Drivers/STM32F4xx_HAL_Driver/Src/stm32f4xx_hal_tim_ex.o
 .ARM.attributes
                0x0000034f       0x34 ./Middleware/FreeRTOS/list.o
 .ARM.attributes
                0x00000383       0x34 ./Middleware/FreeRTOS/queue.o
 .ARM.attributes
                0x000003b7       0x34 ./Middleware/FreeRTOS/tasks.o
 .ARM.attributes
                0x000003eb       0x34 ./Middleware/FreeRTOS/portable/GCC/ARM_CM4F/port.o
 .ARM.attributes
                0x0000041f       0x34 ./Middleware/FreeRTOS/portable/MemMang/heap_4.o
 .ARM.attributes
                0x00000453       0x34 ./Middleware/SEGGER/FreeRTOSV11/SEGGER_SYSVIEW_FreeRTOS.o
 .ARM.attributes
                0x00000487       0x34 ./Middleware/SEGGER/SEGGER/SEGGER_RTT.o
 .ARM.attributes
                0x000004bb       0x20 ./Middleware/SEGGER/SEGGER/SEGGER_RTT_ASM_ARMv7M.o
 .ARM.attributes
                0x000004db       0x34 ./Middleware/SEGGER/SEGGER/SEGGER_SYSVIEW.o
 .ARM.attributes
                0x0000050f       0x34 C:/ST/STM32CubeIDE_1.19.0/STM32CubeIDE/plugins/com.st.stm32cube.ide.mcu.externaltools.gnu-tools-for-stm32.13.3.rel1.win32_1.0.0.202411081344/tools/bin/../lib/gcc/arm-none-eabi/13.3.1/../../../../arm-none-eabi/lib/thumb/v7e-m+fp/hard\libc_nano.a(libc_a-memcmp.o)
 .ARM.attributes
                0x00000543       0x34 C:/ST/STM32CubeIDE_1.19.0/STM32CubeIDE/plugins/com.st.stm32cube.ide.mcu.externaltools.gnu-tools-for-stm32.13.3.rel1.win32_1.0.0.202411081344/tools/bin/../lib/gcc/arm-none-eabi/13.3.1/../../../../arm-none-eabi/lib/thumb/v7e-m+fp/hard\libc_nano.a(libc_a-memset.o)
 .ARM.attributes
                0x00000577       0x34 C:/ST/STM32CubeIDE_1.19.0/STM32CubeIDE/plugins/com.st.stm32cube.ide.mcu.externaltools.gnu-tools-for-stm32.13.3.rel1.win32_1.0.0.202411081344/tools/bin/../lib/gcc/arm-none-eabi/13.3.1/../../../../arm-none-eabi/lib/thumb/v7e-m+fp/hard\libc_nano.a(libc_a-init.o)
 .ARM.attributes
                0x000005ab       0x34 C:/ST/STM32CubeIDE_1.19.0/STM32CubeIDE/plugins/com.st.stm32cube.ide.mcu.externaltools.gnu-tools-for-stm32.13.3.rel1.win32_1.0.0.202411081344/tools/bin/../lib/gcc/arm-none-eabi/13.3.1/../../../../arm-none-eabi/lib/thumb/v7e-m+fp/hard\libc_nano.a(libc_a-memcpy-stub.o)
 .ARM.attributes
                0x000005df       0x22 C:/ST/STM32CubeIDE_1.19.0/STM32CubeIDE/plugins/com.st.stm32cube.ide.mcu.externaltools.gnu-tools-for-stm32.13.3.rel1.win32_1.0.0.202411081344/tools/bin/../lib/gcc/arm-none-eabi/13.3.1/thumb/v7e-m+fp/hard\libgcc.a(_aeabi_uldivmod.o)
 .ARM.attributes
                0x00000601       0x34 C:/ST/STM32CubeIDE_1.19.0/STM32CubeIDE/plugins/com.st.stm32cube.ide.mcu.externaltools.gnu-tools-for-stm32.13.3.rel1.win32_1.0.0.202411081344/tools/bin/../lib/gcc/arm-none-eabi/13.3.1/thumb/v7e-m+fp/hard\libgcc.a(_udivmoddi4.o)
 .ARM.attributes
                0x00000635       0x22 C:/ST/STM32CubeIDE_1.19.0/STM32CubeIDE/plugins/com.st.stm32cube.ide.mcu.externaltools.gnu-tools-for-stm32.13.3.rel1.win32_1.0.0.202411081344/tools/bin/../lib/gcc/arm-none-eabi/13.3.1/thumb/v7e-m+fp/hard\libgcc.a(_dvmd_tls.o)
 .ARM.attributes
                0x00000657       0x22 C:/ST/STM32CubeIDE_1.19.0/STM32CubeIDE/plugins/com.st.stm32cube.ide.mcu.externaltools.gnu-tools-for-stm32.13.3.rel1.win32_1.0.0.202411081344/tools/bin/../lib/gcc/arm-none-eabi/13.3.1/thumb/v7e-m+fp/hard/crtn.o
OUTPUT(Sensor_Integration_CAN.elf elf32-littlearm)
LOAD linker stubs
LOAD C:/ST/STM32CubeIDE_1.19.0/STM32CubeIDE/plugins/com.st.stm32cube.ide.mcu.externaltools.gnu-tools-for-stm32.13.3.rel1.win32_1.0.0.202411081344/tools/bin/../lib/gcc/arm-none-eabi/13.3.1/../../../../arm-none-eabi/lib/thumb/v7e-m+fp/hard\libc.a
LOAD C:/ST/STM32CubeIDE_1.19.0/STM32CubeIDE/plugins/com.st.stm32cube.ide.mcu.externaltools.gnu-tools-for-stm32.13.3.rel1.win32_1.0.0.202411081344/tools/bin/../lib/gcc/arm-none-eabi/13.3.1/../../../../arm-none-eabi/lib/thumb/v7e-m+fp/hard\libm.a
LOAD C:/ST/STM32CubeIDE_1.19.0/STM32CubeIDE/plugins/com.st.stm32cube.ide.mcu.externaltools.gnu-tools-for-stm32.13.3.rel1.win32_1.0.0.202411081344/tools/bin/../lib/gcc/arm-none-eabi/13.3.1/thumb/v7e-m+fp/hard\libgcc.a

.debug_info     0x00000000    0x17b34
 .debug_info    0x00000000     0x23da ./Core/Src/main.o
 .debug_info    0x000023da     0x143f ./Core/Src/stm32f4xx_hal_msp.o
 .debug_info    0x00003819      0xbee ./Core/Src/stm32f4xx_hal_timebase_tim.o
 .debug_info    0x00004407      0xaf6 ./Core/Src/stm32f4xx_it.o
 .debug_info    0x00004efd      0x512 ./Core/Src/system_stm32f4xx.o
 .debug_info    0x0000540f       0x30 ./Core/Startup/startup_stm32f407vgtx.o
 .debug_info    0x0000543f      0x944 ./Drivers/STM32F4xx_HAL_Driver/Src/stm32f4xx_hal.o
 .debug_info    0x00005d83      0xcd4 ./Drivers/STM32F4xx_HAL_Driver/Src/stm32f4xx_hal_adc.o
 .debug_info    0x00006a57      0xf49 ./Drivers/STM32F4xx_HAL_Driver/Src/stm32f4xx_hal_can.o
 .debug_info    0x000079a0      0xd57 ./Drivers/STM32F4xx_HAL_Driver/Src/stm32f4xx_hal_cortex.o
 .debug_info    0x000086f7      0x8e7 ./Drivers/STM32F4xx_HAL_Driver/Src/stm32f4xx_hal_dma.o
 .debug_info    0x00008fde      0x6c3 ./Drivers/STM32F4xx_HAL_Driver/Src/stm32f4xx_hal_gpio.o
 .debug_info    0x000096a1      0x8b1 ./Drivers/STM32F4xx_HAL_Driver/Src/stm32f4xx_hal_rcc.o
 .debug_info    0x00009f52     0x299d ./Drivers/STM32F4xx_HAL_Driver/Src/stm32f4xx_hal_tim.o
 .debug_info    0x0000c8ef     0x14db ./Drivers/STM32F4xx_HAL_Driver/Src/stm32f4xx_hal_tim_ex.o
 .debug_info    0x0000ddca      0x2af ./Middleware/FreeRTOS/list.o
 .debug_info    0x0000e079     0x1761 ./Middleware/FreeRTOS/queue.o
 .debug_info    0x0000f7da     0x246f ./Middleware/FreeRTOS/tasks.o
 .debug_info    0x00011c49      0x4e1 ./Middleware/FreeRTOS/portable/GCC/ARM_CM4F/port.o
 .debug_info    0x0001212a      0x523 ./Middleware/FreeRTOS/portable/MemMang/heap_4.o
 .debug_info    0x0001264d      0x40e ./Middleware/SEGGER/FreeRTOSV11/SEGGER_SYSVIEW_FreeRTOS.o
 .debug_info    0x00012a5b     0x14d5 ./Middleware/SEGGER/SEGGER/SEGGER_RTT.o
 .debug_info    0x00013f30       0x25 ./Middleware/SEGGER/SEGGER/SEGGER_RTT_ASM_ARMv7M.o
 .debug_info    0x00013f55     0x3bdf ./Middleware/SEGGER/SEGGER/SEGGER_SYSVIEW.o

.debug_abbrev   0x00000000     0x345f
 .debug_abbrev  0x00000000      0x3dc ./Core/Src/main.o
 .debug_abbrev  0x000003dc      0x286 ./Core/Src/stm32f4xx_hal_msp.o
 .debug_abbrev  0x00000662      0x1f4 ./Core/Src/stm32f4xx_hal_timebase_tim.o
 .debug_abbrev  0x00000856      0x1c5 ./Core/Src/stm32f4xx_it.o
 .debug_abbrev  0x00000a1b      0x11a ./Core/Src/system_stm32f4xx.o
 .debug_abbrev  0x00000b35       0x24 ./Core/Startup/startup_stm32f407vgtx.o
 .debug_abbrev  0x00000b59      0x214 ./Drivers/STM32F4xx_HAL_Driver/Src/stm32f4xx_hal.o
 .debug_abbrev  0x00000d6d      0x252 ./Drivers/STM32F4xx_HAL_Driver/Src/stm32f4xx_hal_adc.o
 .debug_abbrev  0x00000fbf      0x258 ./Drivers/STM32F4xx_HAL_Driver/Src/stm32f4xx_hal_can.o
 .debug_abbrev  0x00001217      0x328 ./Drivers/STM32F4xx_HAL_Driver/Src/stm32f4xx_hal_cortex.o
 .debug_abbrev  0x0000153f      0x264 ./Drivers/STM32F4xx_HAL_Driver/Src/stm32f4xx_hal_dma.o
 .debug_abbrev  0x000017a3      0x1d4 ./Drivers/STM32F4xx_HAL_Driver/Src/stm32f4xx_hal_gpio.o
 .debug_abbrev  0x00001977      0x2b6 ./Drivers/STM32F4xx_HAL_Driver/Src/stm32f4xx_hal_rcc.o
 .debug_abbrev  0x00001c2d      0x278 ./Drivers/STM32F4xx_HAL_Driver/Src/stm32f4xx_hal_tim.o
 .debug_abbrev  0x00001ea5      0x283 ./Drivers/STM32F4xx_HAL_Driver/Src/stm32f4xx_hal_tim_ex.o
 .debug_abbrev  0x00002128       0xf5 ./Middleware/FreeRTOS/list.o
 .debug_abbrev  0x0000221d      0x322 ./Middleware/FreeRTOS/queue.o
 .debug_abbrev  0x0000253f      0x37b ./Middleware/FreeRTOS/tasks.o
 .debug_abbrev  0x000028ba      0x25a ./Middleware/FreeRTOS/portable/GCC/ARM_CM4F/port.o
 .debug_abbrev  0x00002b14      0x256 ./Middleware/FreeRTOS/portable/MemMang/heap_4.o
 .debug_abbrev  0x00002d6a      0x191 ./Middleware/SEGGER/FreeRTOSV11/SEGGER_SYSVIEW_FreeRTOS.o
 .debug_abbrev  0x00002efb      0x230 ./Middleware/SEGGER/SEGGER/SEGGER_RTT.o
 .debug_abbrev  0x0000312b       0x14 ./Middleware/SEGGER/SEGGER/SEGGER_RTT_ASM_ARMv7M.o
 .debug_abbrev  0x0000313f      0x320 ./Middleware/SEGGER/SEGGER/SEGGER_SYSVIEW.o

.debug_aranges  0x00000000     0x15e8
 .debug_aranges
                0x00000000      0x110 ./Core/Src/main.o
 .debug_aranges
                0x00000110       0x50 ./Core/Src/stm32f4xx_hal_msp.o
 .debug_aranges
                0x00000160       0x30 ./Core/Src/stm32f4xx_hal_timebase_tim.o
 .debug_aranges
                0x00000190       0x78 ./Core/Src/stm32f4xx_it.o
 .debug_aranges
                0x00000208       0x28 ./Core/Src/system_stm32f4xx.o
 .debug_aranges
                0x00000230       0x28 ./Core/Startup/startup_stm32f407vgtx.o
 .debug_aranges
                0x00000258       0xf0 ./Drivers/STM32F4xx_HAL_Driver/Src/stm32f4xx_hal.o
 .debug_aranges
                0x00000348       0xe8 ./Drivers/STM32F4xx_HAL_Driver/Src/stm32f4xx_hal_adc.o
 .debug_aranges
                0x00000430      0x138 ./Drivers/STM32F4xx_HAL_Driver/Src/stm32f4xx_hal_can.o
 .debug_aranges
                0x00000568      0x120 ./Drivers/STM32F4xx_HAL_Driver/Src/stm32f4xx_hal_cortex.o
 .debug_aranges
                0x00000688       0x90 ./Drivers/STM32F4xx_HAL_Driver/Src/stm32f4xx_hal_dma.o
 .debug_aranges
                0x00000718       0x58 ./Drivers/STM32F4xx_HAL_Driver/Src/stm32f4xx_hal_gpio.o
 .debug_aranges
                0x00000770       0x88 ./Drivers/STM32F4xx_HAL_Driver/Src/stm32f4xx_hal_rcc.o
 .debug_aranges
                0x000007f8      0x3d0 ./Drivers/STM32F4xx_HAL_Driver/Src/stm32f4xx_hal_tim.o
 .debug_aranges
                0x00000bc8      0x168 ./Drivers/STM32F4xx_HAL_Driver/Src/stm32f4xx_hal_tim_ex.o
 .debug_aranges
                0x00000d30       0x40 ./Middleware/FreeRTOS/list.o
 .debug_aranges
                0x00000d70      0x128 ./Middleware/FreeRTOS/queue.o
 .debug_aranges
                0x00000e98      0x1f0 ./Middleware/FreeRTOS/tasks.o
 .debug_aranges
                0x00001088       0x80 ./Middleware/FreeRTOS/portable/GCC/ARM_CM4F/port.o
 .debug_aranges
                0x00001108       0x60 ./Middleware/FreeRTOS/portable/MemMang/heap_4.o
 .debug_aranges
                0x00001168       0x48 ./Middleware/SEGGER/FreeRTOSV11/SEGGER_SYSVIEW_FreeRTOS.o
 .debug_aranges
                0x000011b0      0x138 ./Middleware/SEGGER/SEGGER/SEGGER_RTT.o
 .debug_aranges
                0x000012e8       0x20 ./Middleware/SEGGER/SEGGER/SEGGER_RTT_ASM_ARMv7M.o
 .debug_aranges
                0x00001308      0x2e0 ./Middleware/SEGGER/SEGGER/SEGGER_SYSVIEW.o

.debug_rnglists
                0x00000000     0x10ea
 .debug_rnglists
                0x00000000       0xd2 ./Core/Src/main.o
 .debug_rnglists
                0x000000d2       0x3a ./Core/Src/stm32f4xx_hal_msp.o
 .debug_rnglists
                0x0000010c       0x20 ./Core/Src/stm32f4xx_hal_timebase_tim.o
 .debug_rnglists
                0x0000012c       0x55 ./Core/Src/stm32f4xx_it.o
 .debug_rnglists
                0x00000181       0x1a ./Core/Src/system_stm32f4xx.o
 .debug_rnglists
                0x0000019b       0x19 ./Core/Startup/startup_stm32f407vgtx.o
 .debug_rnglists
                0x000001b4       0xaf ./Drivers/STM32F4xx_HAL_Driver/Src/stm32f4xx_hal.o
 .debug_rnglists
                0x00000263       0xb5 ./Drivers/STM32F4xx_HAL_Driver/Src/stm32f4xx_hal_adc.o
 .debug_rnglists
                0x00000318       0xee ./Drivers/STM32F4xx_HAL_Driver/Src/stm32f4xx_hal_can.o
 .debug_rnglists
                0x00000406       0xd4 ./Drivers/STM32F4xx_HAL_Driver/Src/stm32f4xx_hal_cortex.o
 .debug_rnglists
                0x000004da       0x70 ./Drivers/STM32F4xx_HAL_Driver/Src/stm32f4xx_hal_dma.o
 .debug_rnglists
                0x0000054a       0x3f ./Drivers/STM32F4xx_HAL_Driver/Src/stm32f4xx_hal_gpio.o
 .debug_rnglists
                0x00000589       0x66 ./Drivers/STM32F4xx_HAL_Driver/Src/stm32f4xx_hal_rcc.o
 .debug_rnglists
                0x000005ef      0x31a ./Drivers/STM32F4xx_HAL_Driver/Src/stm32f4xx_hal_tim.o
 .debug_rnglists
                0x00000909      0x125 ./Drivers/STM32F4xx_HAL_Driver/Src/stm32f4xx_hal_tim_ex.o
 .debug_rnglists
                0x00000a2e       0x2b ./Middleware/FreeRTOS/list.o
 .debug_rnglists
                0x00000a59       0xe6 ./Middleware/FreeRTOS/queue.o
 .debug_rnglists
                0x00000b3f      0x18e ./Middleware/FreeRTOS/tasks.o
 .debug_rnglists
                0x00000ccd       0x5d ./Middleware/FreeRTOS/portable/GCC/ARM_CM4F/port.o
 .debug_rnglists
                0x00000d2a       0x48 ./Middleware/FreeRTOS/portable/MemMang/heap_4.o
 .debug_rnglists
                0x00000d72       0x36 ./Middleware/SEGGER/FreeRTOSV11/SEGGER_SYSVIEW_FreeRTOS.o
 .debug_rnglists
                0x00000da8       0xf5 ./Middleware/SEGGER/SEGGER/SEGGER_RTT.o
 .debug_rnglists
                0x00000e9d      0x24d ./Middleware/SEGGER/SEGGER/SEGGER_SYSVIEW.o

.debug_macro    0x00000000    0x25cec
 .debug_macro   0x00000000      0x449 ./Core/Src/main.o
 .debug_macro   0x00000449      0xade ./Core/Src/main.o
 .debug_macro   0x00000f27      0x2a1 ./Core/Src/main.o
 .debug_macro   0x000011c8       0x2e ./Core/Src/main.o
 .debug_macro   0x000011f6       0x2f ./Core/Src/main.o
 .debug_macro   0x00001225       0x22 ./Core/Src/main.o
 .debug_macro   0x00001247       0x8e ./Core/Src/main.o
 .debug_macro   0x000012d5       0x51 ./Core/Src/main.o
 .debug_macro   0x00001326      0x103 ./Core/Src/main.o
 .debug_macro   0x00001429       0x6a ./Core/Src/main.o
 .debug_macro   0x00001493      0x1df ./Core/Src/main.o
 .debug_macro   0x00001672       0x1c ./Core/Src/main.o
 .debug_macro   0x0000168e       0x22 ./Core/Src/main.o
 .debug_macro   0x000016b0       0xfb ./Core/Src/main.o
 .debug_macro   0x000017ab     0x1011 ./Core/Src/main.o
 .debug_macro   0x000027bc      0x11f ./Core/Src/main.o
 .debug_macro   0x000028db    0x15e97 ./Core/Src/main.o
 .debug_macro   0x00018772       0x6d ./Core/Src/main.o
 .debug_macro   0x000187df     0x368c ./Core/Src/main.o
 .debug_macro   0x0001be6b      0x190 ./Core/Src/main.o
 .debug_macro   0x0001bffb       0x5c ./Core/Src/main.o
 .debug_macro   0x0001c057      0x980 ./Core/Src/main.o
 .debug_macro   0x0001c9d7      0x9e9 ./Core/Src/main.o
 .debug_macro   0x0001d3c0      0x115 ./Core/Src/main.o
 .debug_macro   0x0001d4d5      0x13e ./Core/Src/main.o
 .debug_macro   0x0001d613       0xa5 ./Core/Src/main.o
 .debug_macro   0x0001d6b8      0x174 ./Core/Src/main.o
 .debug_macro   0x0001d82c      0x287 ./Core/Src/main.o
 .debug_macro   0x0001dab3       0x5f ./Core/Src/main.o
 .debug_macro   0x0001db12      0x236 ./Core/Src/main.o
 .debug_macro   0x0001dd48      0xb5b ./Core/Src/main.o
 .debug_macro   0x0001e8a3      0x38b ./Core/Src/main.o
 .debug_macro   0x0001ec2e      0x176 ./Core/Src/main.o
 .debug_macro   0x0001eda4       0xf9 ./Core/Src/main.o
 .debug_macro   0x0001ee9d      0x40f ./Core/Src/main.o
 .debug_macro   0x0001f2ac      0x12c ./Core/Src/main.o
 .debug_macro   0x0001f3d8      0x21e ./Core/Src/main.o
 .debug_macro   0x0001f5f6       0x2e ./Core/Src/main.o
 .debug_macro   0x0001f624      0x127 ./Core/Src/main.o
 .debug_macro   0x0001f74b       0x7e ./Core/Src/main.o
 .debug_macro   0x0001f7c9       0x89 ./Core/Src/main.o
 .debug_macro   0x0001f852      0x8ed ./Core/Src/main.o
 .debug_macro   0x0002013f       0x4d ./Core/Src/main.o
 .debug_macro   0x0002018c      0x12d ./Core/Src/main.o
 .debug_macro   0x000202b9       0x64 ./Core/Src/main.o
 .debug_macro   0x0002031d       0x61 ./Core/Src/main.o
 .debug_macro   0x0002037e       0x2a ./Core/Src/main.o
 .debug_macro   0x000203a8       0x43 ./Core/Src/main.o
 .debug_macro   0x000203eb       0x34 ./Core/Src/main.o
 .debug_macro   0x0002041f      0x370 ./Core/Src/main.o
 .debug_macro   0x0002078f       0x16 ./Core/Src/main.o
 .debug_macro   0x000207a5       0x4a ./Core/Src/main.o
 .debug_macro   0x000207ef       0x34 ./Core/Src/main.o
 .debug_macro   0x00020823       0x10 ./Core/Src/main.o
 .debug_macro   0x00020833       0x58 ./Core/Src/main.o
 .debug_macro   0x0002088b       0x8e ./Core/Src/main.o
 .debug_macro   0x00020919       0x1c ./Core/Src/main.o
 .debug_macro   0x00020935      0x185 ./Core/Src/main.o
 .debug_macro   0x00020aba       0x10 ./Core/Src/main.o
 .debug_macro   0x00020aca       0x3c ./Core/Src/main.o
 .debug_macro   0x00020b06       0x20 ./Core/Src/main.o
 .debug_macro   0x00020b26      0x19b ./Core/Src/main.o
 .debug_macro   0x00020cc1      0x118 ./Core/Src/main.o
 .debug_macro   0x00020dd9       0x58 ./Core/Src/main.o
 .debug_macro   0x00020e31       0x46 ./Core/Src/main.o
 .debug_macro   0x00020e77       0x64 ./Core/Src/main.o
 .debug_macro   0x00020edb       0x49 ./Core/Src/main.o
 .debug_macro   0x00020f24       0xd1 ./Core/Src/main.o
 .debug_macro   0x00020ff5      0x220 ./Core/Src/main.o
 .debug_macro   0x00021215      0xf65 ./Core/Src/main.o
 .debug_macro   0x0002217a      0x15a ./Core/Src/main.o
 .debug_macro   0x000222d4       0xea ./Core/Src/main.o
 .debug_macro   0x000223be       0x28 ./Core/Src/main.o
 .debug_macro   0x000223e6       0x1f ./Core/Src/main.o
 .debug_macro   0x00022405       0x12 ./Core/Src/main.o
 .debug_macro   0x00022417      0x4f5 ./Core/Src/main.o
 .debug_macro   0x0002290c       0xc3 ./Core/Src/main.o
 .debug_macro   0x000229cf      0x120 ./Core/Src/main.o
 .debug_macro   0x00022aef       0x80 ./Core/Src/main.o
 .debug_macro   0x00022b6f       0x77 ./Core/Src/main.o
 .debug_macro   0x00022be6       0x97 ./Core/Src/main.o
 .debug_macro   0x00022c7d      0x205 ./Core/Src/stm32f4xx_hal_msp.o
 .debug_macro   0x00022e82      0x1f6 ./Core/Src/stm32f4xx_hal_timebase_tim.o
 .debug_macro   0x00023078      0x20f ./Core/Src/stm32f4xx_it.o
 .debug_macro   0x00023287      0x1f6 ./Core/Src/system_stm32f4xx.o
 .debug_macro   0x0002347d      0x256 ./Drivers/STM32F4xx_HAL_Driver/Src/stm32f4xx_hal.o
 .debug_macro   0x000236d3      0x1f7 ./Drivers/STM32F4xx_HAL_Driver/Src/stm32f4xx_hal_adc.o
 .debug_macro   0x000238ca      0x205 ./Drivers/STM32F4xx_HAL_Driver/Src/stm32f4xx_hal_can.o
 .debug_macro   0x00023acf      0x1f6 ./Drivers/STM32F4xx_HAL_Driver/Src/stm32f4xx_hal_cortex.o
 .debug_macro   0x00023cc5      0x1fc ./Drivers/STM32F4xx_HAL_Driver/Src/stm32f4xx_hal_dma.o
 .debug_macro   0x00023ec1      0x1fc ./Drivers/STM32F4xx_HAL_Driver/Src/stm32f4xx_hal_gpio.o
 .debug_macro   0x000240bd      0x21a ./Drivers/STM32F4xx_HAL_Driver/Src/stm32f4xx_hal_rcc.o
 .debug_macro   0x000242d7      0x1f7 ./Drivers/STM32F4xx_HAL_Driver/Src/stm32f4xx_hal_tim.o
 .debug_macro   0x000244ce      0x1f6 ./Drivers/STM32F4xx_HAL_Driver/Src/stm32f4xx_hal_tim_ex.o
 .debug_macro   0x000246c4      0x1fa ./Middleware/FreeRTOS/list.o
 .debug_macro   0x000248be      0x291 ./Middleware/FreeRTOS/queue.o
 .debug_macro   0x00024b4f       0x16 ./Middleware/FreeRTOS/queue.o
 .debug_macro   0x00024b65      0x2e0 ./Middleware/FreeRTOS/tasks.o
 .debug_macro   0x00024e45       0x17 ./Middleware/FreeRTOS/tasks.o
 .debug_macro   0x00024e5c      0x209 ./Middleware/FreeRTOS/portable/GCC/ARM_CM4F/port.o
 .debug_macro   0x00025065      0x27b ./Middleware/FreeRTOS/portable/MemMang/heap_4.o
 .debug_macro   0x000252e0      0x209 ./Middleware/SEGGER/FreeRTOSV11/SEGGER_SYSVIEW_FreeRTOS.o
 .debug_macro   0x000254e9      0x1e9 ./Middleware/SEGGER/SEGGER/SEGGER_RTT.o
 .debug_macro   0x000256d2       0x35 ./Middleware/SEGGER/SEGGER/SEGGER_RTT.o
 .debug_macro   0x00025707      0x138 ./Middleware/SEGGER/SEGGER/SEGGER_RTT.o
 .debug_macro   0x0002583f      0x252 ./Middleware/SEGGER/SEGGER/SEGGER_SYSVIEW.o
 .debug_macro   0x00025a91      0x220 ./Middleware/SEGGER/SEGGER/SEGGER_SYSVIEW.o
 .debug_macro   0x00025cb1       0x3b ./Middleware/SEGGER/SEGGER/SEGGER_SYSVIEW.o

.debug_line     0x00000000    0x1811d
 .debug_line    0x00000000     0x1316 ./Core/Src/main.o
 .debug_line    0x00001316      0x8c7 ./Core/Src/stm32f4xx_hal_msp.o
 .debug_line    0x00001bdd      0x80a ./Core/Src/stm32f4xx_hal_timebase_tim.o
 .debug_line    0x000023e7      0x88d ./Core/Src/stm32f4xx_it.o
 .debug_line    0x00002c74      0x811 ./Core/Src/system_stm32f4xx.o
 .debug_line    0x00003485       0x7a ./Core/Startup/startup_stm32f407vgtx.o
 .debug_line    0x000034ff      0xa7e ./Drivers/STM32F4xx_HAL_Driver/Src/stm32f4xx_hal.o
 .debug_line    0x00003f7d     0x1292 ./Drivers/STM32F4xx_HAL_Driver/Src/stm32f4xx_hal_adc.o
 .debug_line    0x0000520f     0x1240 ./Drivers/STM32F4xx_HAL_Driver/Src/stm32f4xx_hal_can.o
 .debug_line    0x0000644f      0xd24 ./Drivers/STM32F4xx_HAL_Driver/Src/stm32f4xx_hal_cortex.o
 .debug_line    0x00007173      0xfea ./Drivers/STM32F4xx_HAL_Driver/Src/stm32f4xx_hal_dma.o
 .debug_line    0x0000815d      0xbd6 ./Drivers/STM32F4xx_HAL_Driver/Src/stm32f4xx_hal_gpio.o
 .debug_line    0x00008d33      0xe73 ./Drivers/STM32F4xx_HAL_Driver/Src/stm32f4xx_hal_rcc.o
 .debug_line    0x00009ba6     0x37fb ./Drivers/STM32F4xx_HAL_Driver/Src/stm32f4xx_hal_tim.o
 .debug_line    0x0000d3a1     0x19de ./Drivers/STM32F4xx_HAL_Driver/Src/stm32f4xx_hal_tim_ex.o
 .debug_line    0x0000ed7f      0xa0e ./Middleware/FreeRTOS/list.o
 .debug_line    0x0000f78d     0x17da ./Middleware/FreeRTOS/queue.o
 .debug_line    0x00010f67     0x1f55 ./Middleware/FreeRTOS/tasks.o
 .debug_line    0x00012ebc      0xad0 ./Middleware/FreeRTOS/portable/GCC/ARM_CM4F/port.o
 .debug_line    0x0001398c      0xc7d ./Middleware/FreeRTOS/portable/MemMang/heap_4.o
 .debug_line    0x00014609      0xaf2 ./Middleware/SEGGER/FreeRTOSV11/SEGGER_SYSVIEW_FreeRTOS.o
 .debug_line    0x000150fb      0xf1e ./Middleware/SEGGER/SEGGER/SEGGER_RTT.o
 .debug_line    0x00016019       0x86 ./Middleware/SEGGER/SEGGER/SEGGER_RTT_ASM_ARMv7M.o
 .debug_line    0x0001609f     0x207e ./Middleware/SEGGER/SEGGER/SEGGER_SYSVIEW.o

.debug_str      0x00000000    0xf47d3
 .debug_str     0x00000000    0xf47d3 ./Core/Src/main.o
                              0xeced6 (size before relaxing)
 .debug_str     0x000f47d3    0xd18e8 ./Core/Src/stm32f4xx_hal_msp.o
 .debug_str     0x000f47d3    0xd1320 ./Core/Src/stm32f4xx_hal_timebase_tim.o
 .debug_str     0x000f47d3    0xd1118 ./Core/Src/stm32f4xx_it.o
 .debug_str     0x000f47d3    0xd0829 ./Core/Src/system_stm32f4xx.o
 .debug_str     0x000f47d3       0x95 ./Core/Startup/startup_stm32f407vgtx.o
 .debug_str     0x000f47d3    0xd13ad ./Drivers/STM32F4xx_HAL_Driver/Src/stm32f4xx_hal.o
 .debug_str     0x000f47d3    0xd0e16 ./Drivers/STM32F4xx_HAL_Driver/Src/stm32f4xx_hal_adc.o
 .debug_str     0x000f47d3    0xd0f23 ./Drivers/STM32F4xx_HAL_Driver/Src/stm32f4xx_hal_can.o
 .debug_str     0x000f47d3    0xd10f7 ./Drivers/STM32F4xx_HAL_Driver/Src/stm32f4xx_hal_cortex.o
 .debug_str     0x000f47d3    0xd0c43 ./Drivers/STM32F4xx_HAL_Driver/Src/stm32f4xx_hal_dma.o
 .debug_str     0x000f47d3    0xd09a4 ./Drivers/STM32F4xx_HAL_Driver/Src/stm32f4xx_hal_gpio.o
 .debug_str     0x000f47d3    0xd0c5d ./Drivers/STM32F4xx_HAL_Driver/Src/stm32f4xx_hal_rcc.o
 .debug_str     0x000f47d3    0xd1bb3 ./Drivers/STM32F4xx_HAL_Driver/Src/stm32f4xx_hal_tim.o
 .debug_str     0x000f47d3    0xd13bf ./Drivers/STM32F4xx_HAL_Driver/Src/stm32f4xx_hal_tim_ex.o
 .debug_str     0x000f47d3    0x1bd2b ./Middleware/FreeRTOS/list.o
 .debug_str     0x000f47d3    0x1e3c2 ./Middleware/FreeRTOS/queue.o
 .debug_str     0x000f47d3    0x1eee7 ./Middleware/FreeRTOS/tasks.o
 .debug_str     0x000f47d3    0x1a4cf ./Middleware/FreeRTOS/portable/GCC/ARM_CM4F/port.o
 .debug_str     0x000f47d3    0x1d555 ./Middleware/FreeRTOS/portable/MemMang/heap_4.o
 .debug_str     0x000f47d3    0x1cf89 ./Middleware/SEGGER/FreeRTOSV11/SEGGER_SYSVIEW_FreeRTOS.o
 .debug_str     0x000f47d3     0x88d2 ./Middleware/SEGGER/SEGGER/SEGGER_RTT.o
 .debug_str     0x000f47d3       0x93 ./Middleware/SEGGER/SEGGER/SEGGER_RTT_ASM_ARMv7M.o
 .debug_str     0x000f47d3     0xab36 ./Middleware/SEGGER/SEGGER/SEGGER_SYSVIEW.o

.comment        0x00000000       0x43
 .comment       0x00000000       0x43 ./Core/Src/main.o
                                 0x44 (size before relaxing)
 .comment       0x00000043       0x44 ./Core/Src/stm32f4xx_hal_msp.o
 .comment       0x00000043       0x44 ./Core/Src/stm32f4xx_hal_timebase_tim.o
 .comment       0x00000043       0x44 ./Core/Src/stm32f4xx_it.o
 .comment       0x00000043       0x44 ./Core/Src/system_stm32f4xx.o
 .comment       0x00000043       0x44 ./Drivers/STM32F4xx_HAL_Driver/Src/stm32f4xx_hal.o
 .comment       0x00000043       0x44 ./Drivers/STM32F4xx_HAL_Driver/Src/stm32f4xx_hal_adc.o
 .comment       0x00000043       0x44 ./Drivers/STM32F4xx_HAL_Driver/Src/stm32f4xx_hal_can.o
 .comment       0x00000043       0x44 ./Drivers/STM32F4xx_HAL_Driver/Src/stm32f4xx_hal_cortex.o
 .comment       0x00000043       0x44 ./Drivers/STM32F4xx_HAL_Driver/Src/stm32f4xx_hal_dma.o
 .comment       0x00000043       0x44 ./Drivers/STM32F4xx_HAL_Driver/Src/stm32f4xx_hal_gpio.o
 .comment       0x00000043       0x44 ./Drivers/STM32F4xx_HAL_Driver/Src/stm32f4xx_hal_rcc.o
 .comment       0x00000043       0x44 ./Drivers/STM32F4xx_HAL_Driver/Src/stm32f4xx_hal_tim.o
 .comment       0x00000043       0x44 ./Drivers/STM32F4xx_HAL_Driver/Src/stm32f4xx_hal_tim_ex.o
 .comment       0x00000043       0x44 ./Middleware/FreeRTOS/list.o
 .comment       0x00000043       0x44 ./Middleware/FreeRTOS/queue.o
 .comment       0x00000043       0x44 ./Middleware/FreeRTOS/tasks.o
 .comment       0x00000043       0x44 ./Middleware/FreeRTOS/portable/GCC/ARM_CM4F/port.o
 .comment       0x00000043       0x44 ./Middleware/FreeRTOS/portable/MemMang/heap_4.o
 .comment       0x00000043       0x44 ./Middleware/SEGGER/FreeRTOSV11/SEGGER_SYSVIEW_FreeRTOS.o
 .comment       0x00000043       0x44 ./Middleware/SEGGER/SEGGER/SEGGER_RTT.o
 .comment       0x00000043       0x44 ./Middleware/SEGGER/SEGGER/SEGGER_SYSVIEW.o

.debug_frame    0x00000000     0x5c94
 .debug_frame   0x00000000      0x40c ./Core/Src/main.o
 .debug_frame   0x0000040c      0x110 ./Core/Src/stm32f4xx_hal_msp.o
 .debug_frame   0x0000051c       0x74 ./Core/Src/stm32f4xx_hal_timebase_tim.o
 .debug_frame   0x00000590      0x150 ./Core/Src/stm32f4xx_it.o
 .debug_frame   0x000006e0       0x58 ./Core/Src/system_stm32f4xx.o
 .debug_frame   0x00000738      0x374 ./Drivers/STM32F4xx_HAL_Driver/Src/stm32f4xx_hal.o
 .debug_frame   0x00000aac      0x3fc ./Drivers/STM32F4xx_HAL_Driver/Src/stm32f4xx_hal_adc.o
 .debug_frame   0x00000ea8      0x5a0 ./Drivers/STM32F4xx_HAL_Driver/Src/stm32f4xx_hal_can.o
 .debug_frame   0x00001448      0x4b8 ./Drivers/STM32F4xx_HAL_Driver/Src/stm32f4xx_hal_cortex.o
 .debug_frame   0x00001900      0x250 ./Drivers/STM32F4xx_HAL_Driver/Src/stm32f4xx_hal_dma.o
 .debug_frame   0x00001b50      0x14c ./Drivers/STM32F4xx_HAL_Driver/Src/stm32f4xx_hal_gpio.o
 .debug_frame   0x00001c9c      0x1f4 ./Drivers/STM32F4xx_HAL_Driver/Src/stm32f4xx_hal_rcc.o
 .debug_frame   0x00001e90     0x11c0 ./Drivers/STM32F4xx_HAL_Driver/Src/stm32f4xx_hal_tim.o
 .debug_frame   0x00003050      0x638 ./Drivers/STM32F4xx_HAL_Driver/Src/stm32f4xx_hal_tim_ex.o
 .debug_frame   0x00003688       0xd8 ./Middleware/FreeRTOS/list.o
 .debug_frame   0x00003760      0x50c ./Middleware/FreeRTOS/queue.o
 .debug_frame   0x00003c6c      0x88c ./Middleware/FreeRTOS/tasks.o
 .debug_frame   0x000044f8      0x1a8 ./Middleware/FreeRTOS/portable/GCC/ARM_CM4F/port.o
 .debug_frame   0x000046a0      0x150 ./Middleware/FreeRTOS/portable/MemMang/heap_4.o
 .debug_frame   0x000047f0      0x104 ./Middleware/SEGGER/FreeRTOSV11/SEGGER_SYSVIEW_FreeRTOS.o
 .debug_frame   0x000048f4      0x52c ./Middleware/SEGGER/SEGGER/SEGGER_RTT.o
 .debug_frame   0x00004e20      0xd78 ./Middleware/SEGGER/SEGGER/SEGGER_SYSVIEW.o
 .debug_frame   0x00005b98       0x28 C:/ST/STM32CubeIDE_1.19.0/STM32CubeIDE/plugins/com.st.stm32cube.ide.mcu.externaltools.gnu-tools-for-stm32.13.3.rel1.win32_1.0.0.202411081344/tools/bin/../lib/gcc/arm-none-eabi/13.3.1/../../../../arm-none-eabi/lib/thumb/v7e-m+fp/hard\libc_nano.a(libc_a-memcmp.o)