../Core/Src/main.c:151:6:LED_Green_Toggle	8	static
../Core/Src/main.c:152:6:LED_Orange_Toggle	8	static
../Core/Src/main.c:153:6:LED_Red_Toggle	8	static
../Core/Src/main.c:154:6:LED_Blue_Toggle	8	static
../Core/Src/main.c:155:6:LED_Red_On	8	static
../Core/Src/main.c:156:6:LED_Red_Off	8	static
../Core/Src/main.c:159:5:main	16	static
../Core/Src/main.c:198:6:Task_SensorRead	40	static
../Core/Src/main.c:234:6:Task_CANTransmit	72	static,ignoring_inline_asm
../Core/Src/main.c:293:6:Task_Monitor	24	static
../Core/Src/main.c:314:6:Read_BatteryStatus	48	static
../Core/Src/main.c:346:10:Read_MotorRPM	8	static
../Core/Src/main.c:357:10:Read_VehicleSpeed	4	static
../Core/Src/main.c:361:9:Read_DoorStatus	8	static
../Core/Src/main.c:365:9:Read_SeatbeltStatus	8	static
../Core/Src/main.c:369:6:Update_MotorSpeed_FromPot	16	static
../Core/Src/main.c:379:6:Queue_CANMessage	40	static
../Core/Src/main.c:387:6:PrepareAndQueue_MotorSpeed	24	static
../Core/Src/main.c:392:6:PrepareAndQueue_VehicleSpeed	24	static
../Core/Src/main.c:397:6:PrepareAndQueue_BatteryStatus	32	static
../Core/Src/main.c:409:6:PrepareAndQueue_DoorStatus	24	static
../Core/Src/main.c:418:6:SystemClock_Config	88	static
../Core/Src/main.c:445:13:MX_ADC1_Init	24	static
../Core/Src/main.c:480:13:MX_CAN2_Init	48	static
../Core/Src/main.c:511:13:MX_TIM1_Init	32	static
../Core/Src/main.c:532:13:MX_TIM3_Init	40	static
../Core/Src/main.c:557:13:MX_DMA_Init	16	static
../Core/Src/main.c:564:13:MX_GPIO_Init	48	static
../Core/Src/main.c:590:6:HAL_TIM_IC_CaptureCallback	32	static
../Core/Src/main.c:610:6:HAL_TIM_PeriodElapsedCallback	16	static
../Core/Src/main.c:615:6:Error_Handler	4	static,ignoring_inline_asm
